2026-05-07 07:50:16.328: [INFO] VisibilityChanged: 0
2026-05-07 07:50:17.052: [INFO] RecordSyncInitDuration has_sync_been_enabled: 0 state: 0
2026-05-07 07:50:17.053: [INFO] RecordSyncInitDuration has_sync_been_enabled: 0 state: 0
2026-05-07 07:50:17.055: [INFO] RecordSyncInitDuration has_sync_been_enabled: 0 state: 0
2026-05-07 07:50:17.056: [INFO] RecordSyncInitDuration has_sync_been_enabled: 0 state: 0
2026-05-07 07:50:17.056: [INFO] RecordSyncInitDuration has_sync_been_enabled: 0 state: 0
2026-05-07 07:50:17.057: [INFO] RecordSyncInitDuration has_sync_been_enabled: 0 state: 0
2026-05-07 07:50:17.058: [INFO] RecordSyncInitDuration has_sync_been_enabled: 0 state: 0
2026-05-07 07:50:17.059: [INFO] RecordSyncInitDuration has_sync_been_enabled: 0 state: 0
2026-05-07 07:50:17.060: [INFO] RecordSyncInitDuration has_sync_been_enabled: 0 state: 0
2026-05-07 07:50:17.061: [INFO] RecordSyncInitDuration has_sync_been_enabled: 0 state: 0
2026-05-07 07:50:17.062: [INFO] RecordSyncInitDuration has_sync_been_enabled: 0 state: 0
2026-05-07 07:50:17.063: [INFO] RecordSyncInitDuration has_sync_been_enabled: 0 state: 0
2026-05-07 07:50:17.078: [INFO] BookmarkModelLoaded, ids_reassigned: 0
2026-05-07 07:50:17.078: [INFO] OnDoneLoading sync enabled: 0
2026-05-07 07:50:17.179: [INFO] RecordSyncInitDuration has_sync_been_enabled: 0 state: 0
2026-05-07 07:50:21.847: [INFO] RecordSyncInitDuration has_sync_been_enabled: 0 state: 0
2026-05-07 07:50:21.937: [INFO] RecordSyncInitDuration has_sync_been_enabled: 0 state: 3
2026-05-07 07:50:21.978: [INFO] Primary account changed.
2026-05-07 07:50:21.978: [INFO] OnPrimaryAccountChanged PrimaryAccountChangeEvent::Type::kSet
2026-05-07 07:50:21.987: [INFO] RecordSyncInitDuration has_sync_been_enabled: 0 state: 3
2026-05-07 07:50:22.098: [INFO] RecordSyncInitDuration has_sync_been_enabled: 0 state: 3
2026-05-07 07:51:02.326: [INFO] VisibilityChanged: 1
2026-05-07 07:51:13.630: [INFO] BookmarkNodeAdded, ABU: 0
2026-05-07 07:51:16.825: [INFO] Sync initialization duration: 54408ms
2026-05-07 07:58:58.373: [INFO] OnDoneLoading sync enabled: 1
2026-05-07 07:59:37.978: [INFO] Sync initialization duration: 29980ms
2026-05-07 11:31:52.588: [INFO] OnDoneLoading sync enabled: 0
2026-05-07 11:32:18.489: [INFO] Primary account changed.
2026-05-07 11:32:18.489: [INFO] OnPrimaryAccountChanged PrimaryAccountChangeEvent::Type::kSet
2026-05-07 11:32:23.698: [INFO] Sync initialization duration: 30325ms
2026-05-07 11:46:22.672: [INFO] OnDoneLoading sync enabled: 1
2026-05-07 11:46:32.015: [INFO] Sync initialization duration: 1199ms
2026-05-07 12:48:19.231: [INFO] OnDoneLoading sync enabled: 0
2026-05-07 12:48:50.002: [INFO] Primary account changed.
2026-05-07 12:48:50.002: [INFO] OnPrimaryAccountChanged PrimaryAccountChangeEvent::Type::kSet
2026-05-07 12:48:53.835: [INFO] Sync initialization duration: 33974ms
2026-05-07 15:37:34.201: [INFO] OnDoneLoading sync enabled: 1
2026-05-07 15:38:22.858: [INFO] Sync initialization duration: 16231ms
2026-05-07 15:41:38.781: [INFO] OnDoneLoading sync enabled: 0
2026-05-07 15:41:54.866: [INFO] Primary account changed.
2026-05-07 15:41:54.866: [INFO] OnPrimaryAccountChanged PrimaryAccountChangeEvent::Type::kSet
2026-05-07 15:42:17.204: [INFO] Sync initialization duration: 38417ms
2026-05-07 18:04:35.824: [INFO] OnDoneLoading sync enabled: 1
2026-05-07 18:04:46.589: [INFO] Sync initialization duration: 1738ms
2026-05-08 06:09:57.597: [INFO] OnDoneLoading sync enabled: 0
2026-05-08 06:09:59.267: [INFO] Primary account changed.
2026-05-08 06:09:59.267: [INFO] OnPrimaryAccountChanged PrimaryAccountChangeEvent::Type::kSet
2026-05-08 06:10:07.890: [INFO] Sync initialization duration: 10266ms
2026-05-08 06:22:59.749: [INFO] OnDoneLoading sync enabled: 1
2026-05-08 06:23:17.466: [INFO] Sync initialization duration: 7605ms
