{"logTime": "0507/124852", "correlationVector":"lPHS8g5iB6dl4BbX4chpI7.2","action":"EncryptionKeysManager::SetEncryptionKeysWithTimestamps:", "result":"Success", "context":Key timestamps[10]:[2021-06-14T10:45:37Z][2021-12-17T17:43:56Z][2022-06-16T07:29:35Z][2022-12-15T20:44:01Z][2023-03-28T15:50:27Z][2023-09-25T14:49:42Z][2024-05-20T15:52:26Z][2024-11-30T05:58:59Z][2025-06-28T03:22:12Z][2025-12-29T07:11:07Z]}
{"logTime": "0507/124852", "correlationVector":"Bw1ko7xWmXJBCJHP0mkasF","action":"Initial GetUpdates", "result":"", "context":Reason: NEW_CLIENT. cV=Bw1ko7xWmXJBCJHP0mkasF}
{"logTime": "0507/124852", "correlationVector":"Bw1ko7xWmXJBCJHP0mkasF.3","action":"GetUpdates Response", "result":"Success", "context":Received 1 update(s). cV=Bw1ko7xWmXJBCJHP0mkasF.0;server=akswtt000000006;cloudType=Consumer;environment=Prod_southeastasia_prod-s01-064-apac-southeastasia;migrationStage=NotStarted}
{"logTime": "0507/124852", "correlationVector":"H2fTUnykdWpx8HIfVUTyWf","action":"Initial GetUpdates", "result":"", "context":Reason: NEWLY_SUPPORTED_DATATYPE. cV=H2fTUnykdWpx8HIfVUTyWf}
{"logTime": "0507/124853", "correlationVector":"H2fTUnykdWpx8HIfVUTyWf.1","action":"SyncServerConnectionManagerRequest", "result":"SYNC_SERVER_OK", "context":{"environment":"Prod_southeastasia_prod-s01-064-apac-southeastasia", "migrationStage":"NotStarted", "server":"akswtt00000000h"}}
{"logTime": "0507/124853", "correlationVector":"H2fTUnykdWpx8HIfVUTyWf.2","action":"ProcessGetUpdates", "result":"Done", "context":{"dataType":"Preferences", "deleted":"13", "process_failed_to_decrypt":"0", "process_pending_decryption":"0", "process_success":"106", "total":"106"}}
{"logTime": "0507/124853", "correlationVector":"H2fTUnykdWpx8HIfVUTyWf.3","action":"ProcessGetUpdates", "result":"Done", "context":{"dataType":"Passwords", "deleted":"1", "process_failed_to_decrypt":"0", "process_pending_decryption":"0", "process_success":"31", "total":"31"}}
{"logTime": "0507/124853", "correlationVector":"H2fTUnykdWpx8HIfVUTyWf.4","action":"ProcessGetUpdates", "result":"Done", "context":{"dataType":"Device Info", "deleted":"0", "process_failed_to_decrypt":"0", "process_pending_decryption":"0", "process_success":"19", "total":"19"}}
{"logTime": "0507/124853", "correlationVector":"H2fTUnykdWpx8HIfVUTyWf.5","action":"GetUpdates Response", "result":"Success", "context":Received 156 update(s). cV=H2fTUnykdWpx8HIfVUTyWf.0;server=akswtt00000000h;cloudType=Consumer;environment=Prod_southeastasia_prod-s01-064-apac-southeastasia;migrationStage=NotStarted}
{"logTime": "0507/124853", "correlationVector":"lTU/b4S+1TOExIo4IvFoWr","action":"Initial GetUpdates", "result":"", "context":Reason: NEWLY_SUPPORTED_DATATYPE. cV=lTU/b4S+1TOExIo4IvFoWr}
{"logTime": "0507/124853", "correlationVector":"lTU/b4S+1TOExIo4IvFoWr.1","action":"SyncServerConnectionManagerRequest", "result":"SYNC_SERVER_OK", "context":{"environment":"Prod_southeastasia_prod-s01-064-apac-southeastasia", "migrationStage":"NotStarted", "server":"akswtt00000000k"}}
{"logTime": "0507/124853", "correlationVector":"lTU/b4S+1TOExIo4IvFoWr.2","action":"ProcessGetUpdates", "result":"Done", "context":{"dataType":"Bookmarks", "deleted":"1", "process_failed_to_decrypt":"0", "process_pending_decryption":"0", "process_success":"8", "total":"8"}}
{"logTime": "0507/124853", "correlationVector":"lTU/b4S+1TOExIo4IvFoWr.3","action":"GetUpdates Response", "result":"Success", "context":Received 8 update(s). cV=lTU/b4S+1TOExIo4IvFoWr.0;server=akswtt00000000k;cloudType=Consumer;environment=Prod_southeastasia_prod-s01-064-apac-southeastasia;migrationStage=NotStarted}
{"logTime": "0507/124853", "correlationVector":"GF7zL9BZzfqo1dqtFxj4yW","action":"Initial GetUpdates", "result":"", "context":Reason: NEWLY_SUPPORTED_DATATYPE. cV=GF7zL9BZzfqo1dqtFxj4yW}
{"logTime": "0507/124853", "correlationVector":"GF7zL9BZzfqo1dqtFxj4yW.1","action":"SyncServerConnectionManagerRequest", "result":"SYNC_SERVER_OK", "context":{"environment":"Prod_southeastasia_prod-s01-064-apac-southeastasia", "migrationStage":"NotStarted", "server":"akswtt000000004"}}
{"logTime": "0507/124853", "correlationVector":"GF7zL9BZzfqo1dqtFxj4yW.2","action":"ProcessGetUpdates", "result":"Done", "context":{"dataType":"Autofill Profiles", "deleted":"0", "process_failed_to_decrypt":"0", "process_pending_decryption":"0", "process_success":"2", "total":"2"}}
{"logTime": "0507/124853", "correlationVector":"GF7zL9BZzfqo1dqtFxj4yW.3","action":"ProcessGetUpdates", "result":"Done", "context":{"dataType":"Autofill", "deleted":"0", "process_failed_to_decrypt":"0", "process_pending_decryption":"0", "process_success":"59", "total":"59"}}
{"logTime": "0507/124853", "correlationVector":"GF7zL9BZzfqo1dqtFxj4yW.4","action":"ProcessGetUpdates", "result":"Done", "context":{"dataType":"Sessions", "deleted":"150", "process_failed_to_decrypt":"0", "process_pending_decryption":"0", "process_success":"160", "total":"160"}}
{"logTime": "0507/124853", "correlationVector":"GF7zL9BZzfqo1dqtFxj4yW.5","action":"ProcessGetUpdates", "result":"Done", "context":{"dataType":"Edge Hub App Usage", "deleted":"2", "process_failed_to_decrypt":"0", "process_pending_decryption":"0", "process_success":"7", "total":"7"}}
{"logTime": "0507/124853", "correlationVector":"GF7zL9BZzfqo1dqtFxj4yW.6","action":"GetUpdates Response", "result":"Success", "context":Received 228 update(s). cV=GF7zL9BZzfqo1dqtFxj4yW.0;server=akswtt000000004;cloudType=Consumer;environment=Prod_southeastasia_prod-s01-064-apac-southeastasia;migrationStage=NotStarted}
{"logTime": "0507/124853", "correlationVector":"QqaKTE9Xsxx7pZUolxnQ/C","action":"Initial GetUpdates", "result":"", "context":Reason: NEWLY_SUPPORTED_DATATYPE. cV=QqaKTE9Xsxx7pZUolxnQ/C}
{"logTime": "0507/124854", "correlationVector":"QqaKTE9Xsxx7pZUolxnQ/C.1","action":"SyncServerConnectionManagerRequest", "result":"SYNC_SERVER_OK", "context":{"environment":"Prod_southeastasia_prod-s01-064-apac-southeastasia", "migrationStage":"NotStarted", "server":"akswtt00000000q"}}
{"logTime": "0507/124854", "correlationVector":"QqaKTE9Xsxx7pZUolxnQ/C.2","action":"ProcessGetUpdates", "result":"Done", "context":{"dataType":"History", "deleted":"0", "process_failed_to_decrypt":"0", "process_pending_decryption":"0", "process_success":"102", "total":"102"}}
{"logTime": "0507/124854", "correlationVector":"QqaKTE9Xsxx7pZUolxnQ/C.3","action":"GetUpdates Response", "result":"Success", "context":Received 102 update(s). cV=QqaKTE9Xsxx7pZUolxnQ/C.0;server=akswtt00000000q;cloudType=Consumer;environment=Prod_southeastasia_prod-s01-064-apac-southeastasia;migrationStage=NotStarted}
{"logTime": "0507/124854", "correlationVector":"7xuUsWF2cNFxpBqRdX7ZwF","action":"Normal GetUpdate request", "result":"", "context":cV=7xuUsWF2cNFxpBqRdX7ZwF
Nudged types: Sessions, Device Info
Refresh requested types: Bookmarks, Preferences, Passwords, Autofill Profiles, Autofill, Extensions, Sessions, Extension settings, History Delete Directives, Device Info, User Consents, Send Tab To Self, Web Apps, History, Saved Tab Group, WebAuthn Credentials, Collection, Edge E Drop, Edge Hub App Usage, Edge Wallet, Edge Workspace, Encryption Keys}
{"logTime": "0507/124854", "correlationVector":"7xuUsWF2cNFxpBqRdX7ZwF.1","action":"SyncServerConnectionManagerRequest", "result":"SYNC_SERVER_OK", "context":{"environment":"Prod_southeastasia_prod-s01-064-apac-southeastasia", "migrationStage":"NotStarted", "server":"akswtt00000000l"}}
{"logTime": "0507/124854", "correlationVector":"7xuUsWF2cNFxpBqRdX7ZwF.2","action":"GetUpdates Response", "result":"Success", "context":Received 0 update(s). cV=7xuUsWF2cNFxpBqRdX7ZwF.0;server=akswtt00000000l;cloudType=Consumer;environment=Prod_southeastasia_prod-s01-064-apac-southeastasia;migrationStage=NotStarted}
{"logTime": "0507/124854", "correlationVector":"xRyiyKzHMnjXHkUkfgMhw6","action":"Commit Request", "result":"", "context":Item count: 2
Contributing types: Sessions, Device Info}
{"logTime": "0507/124855", "correlationVector":"xRyiyKzHMnjXHkUkfgMhw6.1","action":"SyncServerConnectionManagerRequest", "result":"SYNC_SERVER_OK", "context":{"environment":"Prod_southeastasia_prod-s01-064-apac-southeastasia", "migrationStage":"NotStarted", "server":"akswtt000000001"}}
{"logTime": "0507/124855", "correlationVector":"xRyiyKzHMnjXHkUkfgMhw6.2","action":"Commit Response", "result":"Success", "context":Result: Success. cV=xRyiyKzHMnjXHkUkfgMhw6.0;server=akswtt000000001;cloudType=Consumer;environment=Prod_southeastasia_prod-s01-064-apac-southeastasia;migrationStage=NotStarted}
{"logTime": "0507/124855", "correlationVector":"I6Lgc7BocBbCrNHb2cUTay","action":"Commit Request", "result":"", "context":Item count: 1
Contributing types: Preferences}
{"logTime": "0507/124855", "correlationVector":"I6Lgc7BocBbCrNHb2cUTay.1","action":"SyncServerConnectionManagerRequest", "result":"SYNC_SERVER_OK", "context":{"environment":"Prod_southeastasia_prod-s01-064-apac-southeastasia", "migrationStage":"NotStarted", "server":"akswtt00000000s"}}
{"logTime": "0507/124855", "correlationVector":"I6Lgc7BocBbCrNHb2cUTay.2","action":"Commit Response", "result":"Success", "context":Result: Success. cV=I6Lgc7BocBbCrNHb2cUTay.0;server=akswtt00000000s;cloudType=Consumer;environment=Prod_southeastasia_prod-s01-064-apac-southeastasia;migrationStage=NotStarted}
{"logTime": "0507/124858", "correlationVector":"tlaaBWvMyspZ8pyZetOe1P","action":"Commit Request", "result":"", "context":Item count: 15
Contributing types: Preferences, Passwords}
{"logTime": "0507/124859", "correlationVector":"tlaaBWvMyspZ8pyZetOe1P.1","action":"SyncServerConnectionManagerRequest", "result":"SYNC_SERVER_OK", "context":{"environment":"Prod_southeastasia_prod-s01-064-apac-southeastasia", "migrationStage":"NotStarted", "server":"akswtt00000000b"}}
{"logTime": "0507/124859", "correlationVector":"tlaaBWvMyspZ8pyZetOe1P.3","action":"Commit.Preferences", "result":"Success", "context":{"id":"03415dbe-b2fd-4d1a-9bec-7f992485d94e", "isDeleted":"true", "size":"0", "version":"1778158135816"}}
{"logTime": "0507/124859", "correlationVector":"tlaaBWvMyspZ8pyZetOe1P.2","action":"Commit Response", "result":"Success", "context":Result: Success. cV=tlaaBWvMyspZ8pyZetOe1P.0;server=akswtt00000000b;cloudType=Consumer;environment=Prod_southeastasia_prod-s01-064-apac-southeastasia;migrationStage=NotStarted}
{"logTime": "0507/153812", "correlationVector":"TBrM5BvAcY/rBqPz2gn25K.1","action":"SyncServerConnectionManagerRequest", "result":"SYNC_SERVER_OK", "context":{"environment":"Prod_southeastasia_prod-s01-064-apac-southeastasia", "migrationStage":"NotStarted", "server":"akswtt00000000r"}}
{"logTime": "0507/153812", "correlationVector":"TBrM5BvAcY/rBqPz2gn25K.2","action":"ProcessGetUpdates", "result":"Done", "context":{"dataType":"Encryption Keys", "deleted":"0", "process_failed_to_decrypt":"0", "process_pending_decryption":"0", "process_success":"1", "total":"1"}}
{"logTime": "0507/153822", "correlationVector":"ZqcPxgBsVLQZ9j85kXhHXJ","action":"SyncServerConnectionManagerRequest", "result":"SYNC_SERVER_OK", "context":{"environment":"", "migrationStage":"", "server":""}}
{"logTime": "0507/153822", "correlationVector":"ZqcPxgBsVLQZ9j85kXhHXJ.0","action":"EncryptionKeysFetcher.DownloadKeys:", "result":"Success", "context":Key count: 10, Last key timestamp: 2025-12-29T07:11:07Z}
{"logTime": "0507/153822", "correlationVector":"ZqcPxgBsVLQZ9j85kXhHXJ.1","action":"EncryptionKeysManager::SetEncryptionKeys:", "result":"Success", "context":Key names[10]:[hV91BvNFhRJiQ/n7wyVJw0PYJhk9deSFklvA9z0UYo772W5sqO0Sk1nziBgVAzwJkvG+AkA56+jiS46M4/IQNQ==][cGuCykgr1r89GKHCDkfuAtnANlrQ1uH5ywDMgMRcYeyalFxHAXBDnqPk2aqdJWsqv2hzulNnLEWVNBQVlAD/xQ==][OUGqWdLjLV1yQwTKBJQBw142cvwB15O9xABqCx+MAsH9n90JcWGD4t7JNLwBorDNJwEoLMKctHPo/QjUiqi4PQ==][V96AfgSsY4kONGS0zRs+zFBchOtyvIDoGMwZRk0zyItzywJIydoQr2wtEzyK/DB1fX+PGgYeSB4eYIRURp+QkQ==][36WUCy8ah/7VgAnucAOXj9t3Cao3GVIQVwolDXygnX5Cg6ETFio3/meOmKQQNX1J6FhGNcf01LfA15vkdEbuWg==][YSPaosAqOob5GhvlVfzHxL8P5zCpjc7GiQVuIdcu4TF2vmLnJJ6VbxW0aPes0/OqJL3vHhHimTURgKsPjrNbaw==][rjMIshFWN+6/Rz2BVf4A1LpfDI3ErY5JcD79PEAulgJLb/QKz/hA4xMo/Za0+ivxX4TXe/Ys5XTMCX5ZdiBnFQ==][bgDElEj2PKy7uP4/Uk7k6Fbj7KUqWGTpMxfe5NSkn+rTMilJ+vDlkc0tDy5cGu+jEat5aE2rlQVQSOOWubvv3Q==][5HltCORxvzWrRoF0tbbV/2JlLtKv19Guun5NVoTlxe3R7UTlacs4hUm2cYmk3FmJBmfKaVHuDQk/JMHGFmi3kA==][8aBl4PtUi7N1Cs401VDtNGAftRHitZEsCQhM8w8UbKWZ5DhoFk3/iSEdVmHAHYgWcDsMcDvGPs9y2jwXbjv/iQ==]}
{"logTime": "0507/153822", "correlationVector":"ZqcPxgBsVLQZ9j85kXhHXJ.2","action":"EncryptionKeysManager::SetEncryptionKeysWithTimestamps:", "result":"Success", "context":Key timestamps[10]:[2021-06-14T10:45:37Z][2021-12-17T17:43:56Z][2022-06-16T07:29:35Z][2022-12-15T20:44:01Z][2023-03-28T15:50:27Z][2023-09-25T14:49:42Z][2024-05-20T15:52:26Z][2024-11-30T05:58:59Z][2025-06-28T03:22:12Z][2025-12-29T07:11:07Z]}
{"logTime": "0507/153822", "correlationVector":"TBrM5BvAcY/rBqPz2gn25K","action":"Initial GetUpdates", "result":"", "context":Reason: NEW_CLIENT. cV=TBrM5BvAcY/rBqPz2gn25K}
{"logTime": "0507/153822", "correlationVector":"TBrM5BvAcY/rBqPz2gn25K.3","action":"GetUpdates Response", "result":"Success", "context":Received 1 update(s). cV=TBrM5BvAcY/rBqPz2gn25K.0;server=akswtt00000000r;cloudType=Consumer;environment=Prod_southeastasia_prod-s01-064-apac-southeastasia;migrationStage=NotStarted}
{"logTime": "0507/153822", "correlationVector":"/mrcv0qRZWhAhSq1tiasiV","action":"Initial GetUpdates", "result":"", "context":Reason: NEWLY_SUPPORTED_DATATYPE. cV=/mrcv0qRZWhAhSq1tiasiV}
{"logTime": "0507/153822", "correlationVector":"/mrcv0qRZWhAhSq1tiasiV.1","action":"SyncServerConnectionManagerRequest", "result":"SYNC_SERVER_OK", "context":{"environment":"Prod_southeastasia_prod-s01-065-apac-southeastasia", "migrationStage":"NotStarted", "server":"akswtt000000007"}}
{"logTime": "0507/153822", "correlationVector":"/mrcv0qRZWhAhSq1tiasiV.2","action":"ProcessGetUpdates", "result":"Done", "context":{"dataType":"Passwords", "deleted":"1", "process_failed_to_decrypt":"0", "process_pending_decryption":"0", "process_success":"31", "total":"31"}}
{"logTime": "0507/153822", "correlationVector":"/mrcv0qRZWhAhSq1tiasiV.3","action":"GetUpdates Response", "result":"Success", "context":Received 31 update(s). cV=/mrcv0qRZWhAhSq1tiasiV.0;server=akswtt000000007;cloudType=Consumer;environment=Prod_southeastasia_prod-s01-065-apac-southeastasia;migrationStage=NotStarted}
{"logTime": "0507/153822", "correlationVector":"PeSTaI56P/NOIVe4cd239O","action":"Normal GetUpdate request", "result":"", "context":cV=PeSTaI56P/NOIVe4cd239O
Nudged types: Sessions, Device Info
Refresh requested types: Bookmarks, Preferences, Passwords, Autofill Profiles, Autofill, Extensions, Sessions, Extension settings, History Delete Directives, Device Info, User Consents, Send Tab To Self, Web Apps, History, Saved Tab Group, WebAuthn Credentials, Collection, Edge E Drop, Edge Hub App Usage, Edge Wallet, Edge Workspace, Encryption Keys}
{"logTime": "0507/153829", "correlationVector":"PeSTaI56P/NOIVe4cd239O.1","action":"SyncServerConnectionManagerRequest", "result":"SYNC_SERVER_OK", "context":{"environment":"Prod_southeastasia_prod-s01-065-apac-southeastasia", "migrationStage":"NotStarted", "server":"akswtt000000011"}}
{"logTime": "0507/153829", "correlationVector":"PeSTaI56P/NOIVe4cd239O.2","action":"ProcessGetUpdates", "result":"Done", "context":{"dataType":"Preferences", "deleted":"1", "process_failed_to_decrypt":"0", "process_pending_decryption":"0", "process_success":"2", "total":"2"}}
{"logTime": "0507/153829", "correlationVector":"PeSTaI56P/NOIVe4cd239O.3","action":"ProcessGetUpdates", "result":"Done", "context":{"dataType":"Sessions", "deleted":"0", "process_failed_to_decrypt":"0", "process_pending_decryption":"0", "process_success":"2", "total":"2"}}
{"logTime": "0507/153829", "correlationVector":"PeSTaI56P/NOIVe4cd239O.4","action":"ProcessGetUpdates", "result":"Done", "context":{"dataType":"Device Info", "deleted":"0", "process_failed_to_decrypt":"0", "process_pending_decryption":"0", "process_success":"1", "total":"1"}}
{"logTime": "0507/153829", "correlationVector":"PeSTaI56P/NOIVe4cd239O.5","action":"ProcessGetUpdates", "result":"Done", "context":{"dataType":"History", "deleted":"0", "process_failed_to_decrypt":"0", "process_pending_decryption":"0", "process_success":"1", "total":"1"}}
{"logTime": "0507/153829", "correlationVector":"PeSTaI56P/NOIVe4cd239O.6","action":"GetUpdates Response", "result":"Success", "context":Received 6 update(s). cV=PeSTaI56P/NOIVe4cd239O.0;server=akswtt000000011;cloudType=Consumer;environment=Prod_southeastasia_prod-s01-065-apac-southeastasia;migrationStage=NotStarted}
{"logTime": "0507/153934", "correlationVector":"wj0f/TsPu1LR2l2eZgzJeO","action":"Commit Request", "result":"", "context":Item count: 14
Contributing types: Preferences, Passwords}
{"logTime": "0507/153940", "correlationVector":"wj0f/TsPu1LR2l2eZgzJeO.1","action":"SyncServerConnectionManagerRequest", "result":"SYNC_SERVER_ERROR", "context":{"environment":"Prod_southeastasia_prod-s01-065-apac-southeastasia", "error_type":"http_status_code", "error_value":"400", "migrationStage":"NotStarted", "server":"akswtt00000000p"}}
{"logTime": "0507/153940", "correlationVector":"wj0f/TsPu1LR2l2eZgzJeO.2","action":"Commit Response", "result":"HTTP error (400)", "context":Result: HTTP error (400). cV=wj0f/TsPu1LR2l2eZgzJeO.0;server=akswtt00000000p;cloudType=Consumer;environment=Prod_southeastasia_prod-s01-065-apac-southeastasia;migrationStage=NotStarted}
{"logTime": "0507/154203", "correlationVector":"UotnIyFa5Vt32IKbtjxQrQ.1","action":"SyncServerConnectionManagerRequest", "result":"SYNC_SERVER_OK", "context":{"environment":"Prod_southeastasia_prod-s01-065-apac-southeastasia", "migrationStage":"NotStarted", "server":"akswtt000000003"}}
{"logTime": "0507/154203", "correlationVector":"UotnIyFa5Vt32IKbtjxQrQ.2","action":"ProcessGetUpdates", "result":"Done", "context":{"dataType":"Encryption Keys", "deleted":"0", "process_failed_to_decrypt":"0", "process_pending_decryption":"0", "process_success":"1", "total":"1"}}
{"logTime": "0507/154213", "correlationVector":"pdXSrN1LNZZFjbvxqSkFZu","action":"SyncServerConnectionManagerRequest", "result":"SYNC_SERVER_ERROR", "context":{"environment":"", "error_type":"http_status_code", "error_value":"400", "migrationStage":"", "server":""}}
{"logTime": "0507/154213", "correlationVector":"UotnIyFa5Vt32IKbtjxQrQ","action":"Initial GetUpdates", "result":"", "context":Reason: NEW_CLIENT. cV=UotnIyFa5Vt32IKbtjxQrQ}
{"logTime": "0507/154213", "correlationVector":"UotnIyFa5Vt32IKbtjxQrQ.3","action":"GetUpdates Response", "result":"Success", "context":Received 1 update(s). cV=UotnIyFa5Vt32IKbtjxQrQ.0;server=akswtt000000003;cloudType=Consumer;environment=Prod_southeastasia_prod-s01-065-apac-southeastasia;migrationStage=NotStarted}
{"logTime": "0507/154213", "correlationVector":"nRpdFBMY1cYqSbSToQxIMm","action":"Initial GetUpdates", "result":"", "context":Reason: NEWLY_SUPPORTED_DATATYPE. cV=nRpdFBMY1cYqSbSToQxIMm}
{"logTime": "0507/154215", "correlationVector":"nRpdFBMY1cYqSbSToQxIMm.1","action":"SyncServerConnectionManagerRequest", "result":"SYNC_SERVER_OK", "context":{"environment":"Prod_southeastasia_prod-s01-065-apac-southeastasia", "migrationStage":"NotStarted", "server":"akswtt000000015"}}
{"logTime": "0507/154215", "correlationVector":"nRpdFBMY1cYqSbSToQxIMm.2","action":"ProcessGetUpdates", "result":"Done", "context":{"dataType":"Preferences", "deleted":"14", "process_failed_to_decrypt":"0", "process_pending_decryption":"0", "process_success":"107", "total":"107"}}
{"logTime": "0507/154215", "correlationVector":"nRpdFBMY1cYqSbSToQxIMm.3","action":"ProcessGetUpdates", "result":"Done", "context":{"dataType":"Device Info", "deleted":"0", "process_failed_to_decrypt":"0", "process_pending_decryption":"0", "process_success":"19", "total":"19"}}
{"logTime": "0507/154215", "correlationVector":"nRpdFBMY1cYqSbSToQxIMm.4","action":"GetUpdates Response", "result":"Success", "context":Received 126 update(s). cV=nRpdFBMY1cYqSbSToQxIMm.0;server=akswtt000000015;cloudType=Consumer;environment=Prod_southeastasia_prod-s01-065-apac-southeastasia;migrationStage=NotStarted}
{"logTime": "0507/154216", "correlationVector":"pP0jxYPQkyvE7nEy1E/325","action":"SyncServerConnectionManagerRequest", "result":"SYNC_SERVER_ERROR", "context":{"environment":"", "error_type":"http_status_code", "error_value":"400", "migrationStage":"", "server":""}}
{"logTime": "0507/154216", "correlationVector":"TjYiLw6P0OXmiIbnH12zr0","action":"Initial GetUpdates", "result":"", "context":Reason: NEWLY_SUPPORTED_DATATYPE. cV=TjYiLw6P0OXmiIbnH12zr0}
{"logTime": "0507/154216", "correlationVector":"TjYiLw6P0OXmiIbnH12zr0.1","action":"SyncServerConnectionManagerRequest", "result":"SYNC_SERVER_OK", "context":{"environment":"Prod_southeastasia_prod-s01-065-apac-southeastasia", "migrationStage":"NotStarted", "server":"akswtt00000000q"}}
{"logTime": "0507/154216", "correlationVector":"TjYiLw6P0OXmiIbnH12zr0.2","action":"ProcessGetUpdates", "result":"Done", "context":{"dataType":"Bookmarks", "deleted":"1", "process_failed_to_decrypt":"0", "process_pending_decryption":"0", "process_success":"8", "total":"8"}}
{"logTime": "0507/154216", "correlationVector":"TjYiLw6P0OXmiIbnH12zr0.3","action":"GetUpdates Response", "result":"Success", "context":Received 8 update(s). cV=TjYiLw6P0OXmiIbnH12zr0.0;server=akswtt00000000q;cloudType=Consumer;environment=Prod_southeastasia_prod-s01-065-apac-southeastasia;migrationStage=NotStarted}
{"logTime": "0507/154216", "correlationVector":"epEBVQySK7sU//4E6uYU7Z","action":"SyncServerConnectionManagerRequest", "result":"SYNC_SERVER_ERROR", "context":{"environment":"", "error_type":"http_status_code", "error_value":"400", "migrationStage":"", "server":""}}
{"logTime": "0507/154216", "correlationVector":"ILBnIECIcT9RGvgdKZUziZ","action":"Initial GetUpdates", "result":"", "context":Reason: NEWLY_SUPPORTED_DATATYPE. cV=ILBnIECIcT9RGvgdKZUziZ}
{"logTime": "0507/154217", "correlationVector":"ILBnIECIcT9RGvgdKZUziZ.1","action":"SyncServerConnectionManagerRequest", "result":"SYNC_SERVER_OK", "context":{"environment":"Prod_southeastasia_prod-s01-065-apac-southeastasia", "migrationStage":"NotStarted", "server":"akswtt00000000k"}}
{"logTime": "0507/154217", "correlationVector":"ILBnIECIcT9RGvgdKZUziZ.2","action":"ProcessGetUpdates", "result":"Done", "context":{"dataType":"Sessions", "deleted":"150", "process_failed_to_decrypt":"0", "process_pending_decryption":"0", "process_success":"160", "total":"160"}}
{"logTime": "0507/154217", "correlationVector":"ILBnIECIcT9RGvgdKZUziZ.3","action":"ProcessGetUpdates", "result":"Done", "context":{"dataType":"Edge Hub App Usage", "deleted":"2", "process_failed_to_decrypt":"0", "process_pending_decryption":"0", "process_success":"7", "total":"7"}}
{"logTime": "0507/154217", "correlationVector":"ILBnIECIcT9RGvgdKZUziZ.4","action":"GetUpdates Response", "result":"Success", "context":Received 167 update(s). cV=ILBnIECIcT9RGvgdKZUziZ.0;server=akswtt00000000k;cloudType=Consumer;environment=Prod_southeastasia_prod-s01-065-apac-southeastasia;migrationStage=NotStarted}
{"logTime": "0507/154217", "correlationVector":"Xk3nl0cinoDZnsSwV/tzW0","action":"Initial GetUpdates", "result":"", "context":Reason: NEWLY_SUPPORTED_DATATYPE. cV=Xk3nl0cinoDZnsSwV/tzW0}
{"logTime": "0507/154217", "correlationVector":"Xk3nl0cinoDZnsSwV/tzW0.1","action":"SyncServerConnectionManagerRequest", "result":"SYNC_SERVER_OK", "context":{"environment":"Prod_southeastasia_prod-s01-065-apac-southeastasia", "migrationStage":"NotStarted", "server":"akswtt00000000b"}}
{"logTime": "0507/154217", "correlationVector":"Xk3nl0cinoDZnsSwV/tzW0.2","action":"ProcessGetUpdates", "result":"Done", "context":{"dataType":"History", "deleted":"0", "process_failed_to_decrypt":"0", "process_pending_decryption":"0", "process_success":"103", "total":"103"}}
{"logTime": "0507/154217", "correlationVector":"Xk3nl0cinoDZnsSwV/tzW0.3","action":"GetUpdates Response", "result":"Success", "context":Received 103 update(s). cV=Xk3nl0cinoDZnsSwV/tzW0.0;server=akswtt00000000b;cloudType=Consumer;environment=Prod_southeastasia_prod-s01-065-apac-southeastasia;migrationStage=NotStarted}
{"logTime": "0507/154217", "correlationVector":"zwbKA5/LJ/m0FxE2uiYmkj","action":"Normal GetUpdate request", "result":"", "context":cV=zwbKA5/LJ/m0FxE2uiYmkj
Nudged types: Sessions, Device Info
Refresh requested types: Bookmarks, Preferences, Extensions, Sessions, Extension settings, History Delete Directives, Device Info, User Consents, Send Tab To Self, Web Apps, History, Saved Tab Group, WebAuthn Credentials, Collection, Edge E Drop, Edge Hub App Usage, Edge Wallet, Edge Workspace, Encryption Keys}
{"logTime": "0507/154217", "correlationVector":"zwbKA5/LJ/m0FxE2uiYmkj.1","action":"SyncServerConnectionManagerRequest", "result":"SYNC_SERVER_OK", "context":{"environment":"Prod_southeastasia_prod-s01-065-apac-southeastasia", "migrationStage":"NotStarted", "server":"akswtt00000000d"}}
{"logTime": "0507/154217", "correlationVector":"zwbKA5/LJ/m0FxE2uiYmkj.2","action":"GetUpdates Response", "result":"Success", "context":Received 0 update(s). cV=zwbKA5/LJ/m0FxE2uiYmkj.0;server=akswtt00000000d;cloudType=Consumer;environment=Prod_southeastasia_prod-s01-065-apac-southeastasia;migrationStage=NotStarted}
{"logTime": "0507/154217", "correlationVector":"CRjajJruSOJlAi1kR9jf02","action":"Commit Request", "result":"", "context":Item count: 3
Contributing types: Sessions, Device Info}
{"logTime": "0507/154218", "correlationVector":"CRjajJruSOJlAi1kR9jf02.1","action":"SyncServerConnectionManagerRequest", "result":"SYNC_SERVER_OK", "context":{"environment":"Prod_southeastasia_prod-s01-065-apac-southeastasia", "migrationStage":"NotStarted", "server":"akswtt00000000b"}}
{"logTime": "0507/154218", "correlationVector":"CRjajJruSOJlAi1kR9jf02.2","action":"Commit Response", "result":"Success", "context":Result: Success. cV=CRjajJruSOJlAi1kR9jf02.0;server=akswtt00000000b;cloudType=Consumer;environment=Prod_southeastasia_prod-s01-065-apac-southeastasia;migrationStage=NotStarted}
{"logTime": "0507/154218", "correlationVector":"fWUCPCgWlxC62q7PWcYv0b","action":"Normal GetUpdate request", "result":"", "context":cV=fWUCPCgWlxC62q7PWcYv0b
Nudged types: Sessions, Device Info
Refresh requested types: Encryption Keys}
{"logTime": "0507/154218", "correlationVector":"fWUCPCgWlxC62q7PWcYv0b.1","action":"SyncServerConnectionManagerRequest", "result":"SYNC_SERVER_OK", "context":{"environment":"Prod_southeastasia_prod-s01-065-apac-southeastasia", "migrationStage":"NotStarted", "server":"akswtt00000000b"}}
{"logTime": "0507/154218", "correlationVector":"fWUCPCgWlxC62q7PWcYv0b.2","action":"ProcessGetUpdates", "result":"Done", "context":{"dataType":"Sessions", "deleted":"0", "process_failed_to_decrypt":"0", "process_pending_decryption":"0", "process_success":"2", "total":"2"}}
{"logTime": "0507/154218", "correlationVector":"fWUCPCgWlxC62q7PWcYv0b.3","action":"ProcessGetUpdates", "result":"Done", "context":{"dataType":"Device Info", "deleted":"0", "process_failed_to_decrypt":"0", "process_pending_decryption":"0", "process_success":"1", "total":"1"}}
{"logTime": "0507/154218", "correlationVector":"fWUCPCgWlxC62q7PWcYv0b.4","action":"GetUpdates Response", "result":"Success", "context":Received 3 update(s). cV=fWUCPCgWlxC62q7PWcYv0b.0;server=akswtt00000000b;cloudType=Consumer;environment=Prod_southeastasia_prod-s01-065-apac-southeastasia;migrationStage=NotStarted}
{"logTime": "0507/154219", "correlationVector":"5LzUp9QSmgMl5eJDjpcJ8X","action":"SyncServerConnectionManagerRequest", "result":"SYNC_SERVER_ERROR", "context":{"environment":"", "error_type":"http_status_code", "error_value":"400", "migrationStage":"", "server":""}}
{"logTime": "0507/154219", "correlationVector":"QeDgiG76ZiA5MiN28UyFUT","action":"Normal GetUpdate request", "result":"", "context":cV=QeDgiG76ZiA5MiN28UyFUT
Refresh requested types: Encryption Keys}
{"logTime": "0507/154220", "correlationVector":"QeDgiG76ZiA5MiN28UyFUT.1","action":"SyncServerConnectionManagerRequest", "result":"SYNC_SERVER_OK", "context":{"environment":"Prod_southeastasia_prod-s01-065-apac-southeastasia", "migrationStage":"NotStarted", "server":"akswtt000000008"}}
{"logTime": "0507/154220", "correlationVector":"QeDgiG76ZiA5MiN28UyFUT.2","action":"GetUpdates Response", "result":"Success", "context":Received 0 update(s). cV=QeDgiG76ZiA5MiN28UyFUT.0;server=akswtt000000008;cloudType=Consumer;environment=Prod_southeastasia_prod-s01-065-apac-southeastasia;migrationStage=NotStarted}
{"logTime": "0507/154220", "correlationVector":"suApUMVSZP+MKCpijPE8SF","action":"SyncServerConnectionManagerRequest", "result":"SYNC_SERVER_ERROR", "context":{"environment":"", "error_type":"http_status_code", "error_value":"400", "migrationStage":"", "server":""}}
{"logTime": "0507/154223", "correlationVector":"LLChK3tRXjk0bHtUHsk+0I","action":"Normal GetUpdate request", "result":"", "context":cV=LLChK3tRXjk0bHtUHsk+0I
Refresh requested types: Encryption Keys}
{"logTime": "0507/154223", "correlationVector":"LLChK3tRXjk0bHtUHsk+0I.1","action":"SyncServerConnectionManagerRequest", "result":"SYNC_SERVER_OK", "context":{"environment":"Prod_southeastasia_prod-s01-065-apac-southeastasia", "migrationStage":"NotStarted", "server":"akswtt00000000q"}}
{"logTime": "0507/154223", "correlationVector":"LLChK3tRXjk0bHtUHsk+0I.2","action":"GetUpdates Response", "result":"Success", "context":Received 0 update(s). cV=LLChK3tRXjk0bHtUHsk+0I.0;server=akswtt00000000q;cloudType=Consumer;environment=Prod_southeastasia_prod-s01-065-apac-southeastasia;migrationStage=NotStarted}
{"logTime": "0507/154223", "correlationVector":"HBH7Vf85m22yGV6DF8PWPf","action":"SyncServerConnectionManagerRequest", "result":"SYNC_SERVER_ERROR", "context":{"environment":"", "error_type":"http_status_code", "error_value":"400", "migrationStage":"", "server":""}}
{"logTime": "0507/154224", "correlationVector":"RPZvms6T6l11jyHA8wNk77","action":"Normal GetUpdate request", "result":"", "context":cV=RPZvms6T6l11jyHA8wNk77
Refresh requested types: Encryption Keys}
{"logTime": "0507/154224", "correlationVector":"RPZvms6T6l11jyHA8wNk77.1","action":"SyncServerConnectionManagerRequest", "result":"SYNC_SERVER_OK", "context":{"environment":"Prod_southeastasia_prod-s01-065-apac-southeastasia", "migrationStage":"NotStarted", "server":"akswtt000000008"}}
{"logTime": "0507/154224", "correlationVector":"RPZvms6T6l11jyHA8wNk77.2","action":"GetUpdates Response", "result":"Success", "context":Received 0 update(s). cV=RPZvms6T6l11jyHA8wNk77.0;server=akswtt000000008;cloudType=Consumer;environment=Prod_southeastasia_prod-s01-065-apac-southeastasia;migrationStage=NotStarted}
{"logTime": "0507/154224", "correlationVector":"ll+nu2jCe+j9+pbpeA+ApC","action":"SyncServerConnectionManagerRequest", "result":"SYNC_SERVER_ERROR", "context":{"environment":"", "error_type":"http_status_code", "error_value":"400", "migrationStage":"", "server":""}}
{"logTime": "0507/154231", "correlationVector":"ZsYd5tjpRXzJpc1/pcJxLQ","action":"Normal GetUpdate request", "result":"", "context":cV=ZsYd5tjpRXzJpc1/pcJxLQ
Refresh requested types: Encryption Keys}
{"logTime": "0507/154231", "correlationVector":"ZsYd5tjpRXzJpc1/pcJxLQ.1","action":"SyncServerConnectionManagerRequest", "result":"SYNC_SERVER_OK", "context":{"environment":"Prod_southeastasia_prod-s01-065-apac-southeastasia", "migrationStage":"NotStarted", "server":"akswtt00000000t"}}
{"logTime": "0507/154231", "correlationVector":"ZsYd5tjpRXzJpc1/pcJxLQ.2","action":"GetUpdates Response", "result":"Success", "context":Received 0 update(s). cV=ZsYd5tjpRXzJpc1/pcJxLQ.0;server=akswtt00000000t;cloudType=Consumer;environment=Prod_southeastasia_prod-s01-065-apac-southeastasia;migrationStage=NotStarted}
{"logTime": "0507/154231", "correlationVector":"tMX4bQi6skXjr2kwGqUqoc","action":"SyncServerConnectionManagerRequest", "result":"SYNC_SERVER_ERROR", "context":{"environment":"", "error_type":"http_status_code", "error_value":"400", "migrationStage":"", "server":""}}
{"logTime": "0507/154232", "correlationVector":"s/tGR71XYBbNOkPBLmXIpp","action":"Normal GetUpdate request", "result":"", "context":cV=s/tGR71XYBbNOkPBLmXIpp
Refresh requested types: Encryption Keys}
{"logTime": "0507/154232", "correlationVector":"s/tGR71XYBbNOkPBLmXIpp.1","action":"SyncServerConnectionManagerRequest", "result":"SYNC_SERVER_OK", "context":{"environment":"Prod_southeastasia_prod-s01-065-apac-southeastasia", "migrationStage":"NotStarted", "server":"akswtt000000003"}}
{"logTime": "0507/154232", "correlationVector":"s/tGR71XYBbNOkPBLmXIpp.2","action":"GetUpdates Response", "result":"Success", "context":Received 0 update(s). cV=s/tGR71XYBbNOkPBLmXIpp.0;server=akswtt000000003;cloudType=Consumer;environment=Prod_southeastasia_prod-s01-065-apac-southeastasia;migrationStage=NotStarted}
{"logTime": "0507/154232", "correlationVector":"DN2jvHML6Cyck0CBHXDOok","action":"SyncServerConnectionManagerRequest", "result":"SYNC_SERVER_ERROR", "context":{"environment":"", "error_type":"http_status_code", "error_value":"400", "migrationStage":"", "server":""}}
{"logTime": "0507/154240", "correlationVector":"NOPNt3yEoNlCq1jEOQ8iP4","action":"Commit Request", "result":"", "context":Item count: 2
Contributing types: Sessions, History}
{"logTime": "0507/154240", "correlationVector":"NOPNt3yEoNlCq1jEOQ8iP4.1","action":"SyncServerConnectionManagerRequest", "result":"SYNC_SERVER_OK", "context":{"environment":"Prod_southeastasia_prod-s01-065-apac-southeastasia", "migrationStage":"NotStarted", "server":"akswtt00000000d"}}
{"logTime": "0507/154240", "correlationVector":"NOPNt3yEoNlCq1jEOQ8iP4.2","action":"Commit Response", "result":"Success", "context":Result: Success. cV=NOPNt3yEoNlCq1jEOQ8iP4.0;server=akswtt00000000d;cloudType=Consumer;environment=Prod_southeastasia_prod-s01-065-apac-southeastasia;migrationStage=NotStarted}
{"logTime": "0507/154246", "correlationVector":"RLirW6aDiwgUddX5ZKQ6YB","action":"Normal GetUpdate request", "result":"", "context":cV=RLirW6aDiwgUddX5ZKQ6YB
Refresh requested types: Encryption Keys}
{"logTime": "0507/154246", "correlationVector":"RLirW6aDiwgUddX5ZKQ6YB.1","action":"SyncServerConnectionManagerRequest", "result":"SYNC_SERVER_OK", "context":{"environment":"Prod_southeastasia_prod-s01-065-apac-southeastasia", "migrationStage":"NotStarted", "server":"akswtt000000008"}}
{"logTime": "0507/154246", "correlationVector":"RLirW6aDiwgUddX5ZKQ6YB.2","action":"ProcessGetUpdates", "result":"Done", "context":{"dataType":"Sessions", "deleted":"0", "process_failed_to_decrypt":"0", "process_pending_decryption":"0", "process_success":"1", "total":"1"}}
{"logTime": "0507/154246", "correlationVector":"RLirW6aDiwgUddX5ZKQ6YB.3","action":"ProcessGetUpdates", "result":"Done", "context":{"dataType":"History", "deleted":"0", "process_failed_to_decrypt":"0", "process_pending_decryption":"0", "process_success":"1", "total":"1"}}
{"logTime": "0507/154246", "correlationVector":"RLirW6aDiwgUddX5ZKQ6YB.4","action":"GetUpdates Response", "result":"Success", "context":Received 2 update(s). cV=RLirW6aDiwgUddX5ZKQ6YB.0;server=akswtt000000008;cloudType=Consumer;environment=Prod_southeastasia_prod-s01-065-apac-southeastasia;migrationStage=NotStarted}
{"logTime": "0507/154247", "correlationVector":"8UMtpIhlF61I4y1rAPj5xV","action":"SyncServerConnectionManagerRequest", "result":"SYNC_SERVER_ERROR", "context":{"environment":"", "error_type":"http_status_code", "error_value":"400", "migrationStage":"", "server":""}}
{"logTime": "0507/154247", "correlationVector":"tMGcAmJxLm6j81k4srfTFu","action":"Normal GetUpdate request", "result":"", "context":cV=tMGcAmJxLm6j81k4srfTFu
Refresh requested types: Encryption Keys}
{"logTime": "0507/154247", "correlationVector":"tMGcAmJxLm6j81k4srfTFu.1","action":"SyncServerConnectionManagerRequest", "result":"SYNC_SERVER_OK", "context":{"environment":"Prod_southeastasia_prod-s01-065-apac-southeastasia", "migrationStage":"NotStarted", "server":"akswtt00000000p"}}
{"logTime": "0507/154247", "correlationVector":"tMGcAmJxLm6j81k4srfTFu.2","action":"GetUpdates Response", "result":"Success", "context":Received 0 update(s). cV=tMGcAmJxLm6j81k4srfTFu.0;server=akswtt00000000p;cloudType=Consumer;environment=Prod_southeastasia_prod-s01-065-apac-southeastasia;migrationStage=NotStarted}
{"logTime": "0507/154248", "correlationVector":"2P6EPUOgDBIy9nBzbsI36y","action":"SyncServerConnectionManagerRequest", "result":"SYNC_SERVER_ERROR", "context":{"environment":"", "error_type":"http_status_code", "error_value":"400", "migrationStage":"", "server":""}}
{"logTime": "0507/154319", "correlationVector":"ArgDBaLK7+BBXmm9L6DRjP","action":"Normal GetUpdate request", "result":"", "context":cV=ArgDBaLK7+BBXmm9L6DRjP
Nudged types: History
Refresh requested types: Encryption Keys}
{"logTime": "0507/154319", "correlationVector":"ArgDBaLK7+BBXmm9L6DRjP.1","action":"SyncServerConnectionManagerRequest", "result":"SYNC_SERVER_OK", "context":{"environment":"Prod_southeastasia_prod-s01-065-apac-southeastasia", "migrationStage":"NotStarted", "server":"akswtt000000000"}}
{"logTime": "0507/154319", "correlationVector":"ArgDBaLK7+BBXmm9L6DRjP.2","action":"GetUpdates Response", "result":"Success", "context":Received 0 update(s). cV=ArgDBaLK7+BBXmm9L6DRjP.0;server=akswtt000000000;cloudType=Consumer;environment=Prod_southeastasia_prod-s01-065-apac-southeastasia;migrationStage=NotStarted}
{"logTime": "0507/154319", "correlationVector":"80rrjEWSbSlZlFpf2xfZH3","action":"Commit Request", "result":"", "context":Item count: 1
Contributing types: History}
{"logTime": "0507/154319", "correlationVector":"80rrjEWSbSlZlFpf2xfZH3.1","action":"SyncServerConnectionManagerRequest", "result":"SYNC_SERVER_OK", "context":{"environment":"Prod_southeastasia_prod-s01-065-apac-southeastasia", "migrationStage":"NotStarted", "server":"akswtt000000008"}}
{"logTime": "0507/154319", "correlationVector":"80rrjEWSbSlZlFpf2xfZH3.2","action":"Commit Response", "result":"Success", "context":Result: Success. cV=80rrjEWSbSlZlFpf2xfZH3.0;server=akswtt000000008;cloudType=Consumer;environment=Prod_southeastasia_prod-s01-065-apac-southeastasia;migrationStage=NotStarted}
{"logTime": "0507/154320", "correlationVector":"5m4WPfm/IWNTv+9EKp/api","action":"SyncServerConnectionManagerRequest", "result":"SYNC_SERVER_OK", "context":{"environment":"", "migrationStage":"", "server":""}}
{"logTime": "0507/154320", "correlationVector":"5m4WPfm/IWNTv+9EKp/api.0","action":"EncryptionKeysFetcher.DownloadKeys:", "result":"Success", "context":Key count: 10, Last key timestamp: 2025-12-29T07:11:07Z}
{"logTime": "0507/154320", "correlationVector":"5m4WPfm/IWNTv+9EKp/api.1","action":"EncryptionKeysManager::SetEncryptionKeys:", "result":"Success", "context":Key names[10]:[hV91BvNFhRJiQ/n7wyVJw0PYJhk9deSFklvA9z0UYo772W5sqO0Sk1nziBgVAzwJkvG+AkA56+jiS46M4/IQNQ==][cGuCykgr1r89GKHCDkfuAtnANlrQ1uH5ywDMgMRcYeyalFxHAXBDnqPk2aqdJWsqv2hzulNnLEWVNBQVlAD/xQ==][OUGqWdLjLV1yQwTKBJQBw142cvwB15O9xABqCx+MAsH9n90JcWGD4t7JNLwBorDNJwEoLMKctHPo/QjUiqi4PQ==][V96AfgSsY4kONGS0zRs+zFBchOtyvIDoGMwZRk0zyItzywJIydoQr2wtEzyK/DB1fX+PGgYeSB4eYIRURp+QkQ==][36WUCy8ah/7VgAnucAOXj9t3Cao3GVIQVwolDXygnX5Cg6ETFio3/meOmKQQNX1J6FhGNcf01LfA15vkdEbuWg==][YSPaosAqOob5GhvlVfzHxL8P5zCpjc7GiQVuIdcu4TF2vmLnJJ6VbxW0aPes0/OqJL3vHhHimTURgKsPjrNbaw==][rjMIshFWN+6/Rz2BVf4A1LpfDI3ErY5JcD79PEAulgJLb/QKz/hA4xMo/Za0+ivxX4TXe/Ys5XTMCX5ZdiBnFQ==][bgDElEj2PKy7uP4/Uk7k6Fbj7KUqWGTpMxfe5NSkn+rTMilJ+vDlkc0tDy5cGu+jEat5aE2rlQVQSOOWubvv3Q==][5HltCORxvzWrRoF0tbbV/2JlLtKv19Guun5NVoTlxe3R7UTlacs4hUm2cYmk3FmJBmfKaVHuDQk/JMHGFmi3kA==][8aBl4PtUi7N1Cs401VDtNGAftRHitZEsCQhM8w8UbKWZ5DhoFk3/iSEdVmHAHYgWcDsMcDvGPs9y2jwXbjv/iQ==]}
{"logTime": "0507/154320", "correlationVector":"5m4WPfm/IWNTv+9EKp/api.2","action":"EncryptionKeysManager::SetEncryptionKeysWithTimestamps:", "result":"Success", "context":Key timestamps[10]:[2021-06-14T10:45:37Z][2021-12-17T17:43:56Z][2022-06-16T07:29:35Z][2022-12-15T20:44:01Z][2023-03-28T15:50:27Z][2023-09-25T14:49:42Z][2024-05-20T15:52:26Z][2024-11-30T05:58:59Z][2025-06-28T03:22:12Z][2025-12-29T07:11:07Z]}
{"logTime": "0507/154320", "correlationVector":"30EDF3J78vgzTeHiUBXSxW","action":"Initial GetUpdates", "result":"", "context":Reason: NEWLY_SUPPORTED_DATATYPE. cV=30EDF3J78vgzTeHiUBXSxW}
{"logTime": "0507/154320", "correlationVector":"30EDF3J78vgzTeHiUBXSxW.1","action":"SyncServerConnectionManagerRequest", "result":"SYNC_SERVER_OK", "context":{"environment":"Prod_southeastasia_prod-s01-065-apac-southeastasia", "migrationStage":"NotStarted", "server":"akswtt000000007"}}
{"logTime": "0507/154320", "correlationVector":"30EDF3J78vgzTeHiUBXSxW.2","action":"ProcessGetUpdates", "result":"Done", "context":{"dataType":"Passwords", "deleted":"1", "process_failed_to_decrypt":"0", "process_pending_decryption":"0", "process_success":"31", "total":"31"}}
{"logTime": "0507/154320", "correlationVector":"30EDF3J78vgzTeHiUBXSxW.3","action":"GetUpdates Response", "result":"Success", "context":Received 31 update(s). cV=30EDF3J78vgzTeHiUBXSxW.0;server=akswtt000000007;cloudType=Consumer;environment=Prod_southeastasia_prod-s01-065-apac-southeastasia;migrationStage=NotStarted}
{"logTime": "0507/154320", "correlationVector":"HwpsCYJ7HBJB3JdGHeKRp1","action":"Initial GetUpdates", "result":"", "context":Reason: NEWLY_SUPPORTED_DATATYPE. cV=HwpsCYJ7HBJB3JdGHeKRp1}
{"logTime": "0507/154320", "correlationVector":"HwpsCYJ7HBJB3JdGHeKRp1.1","action":"SyncServerConnectionManagerRequest", "result":"SYNC_SERVER_OK", "context":{"environment":"Prod_southeastasia_prod-s01-065-apac-southeastasia", "migrationStage":"NotStarted", "server":"akswtt00000000a"}}
{"logTime": "0507/154320", "correlationVector":"HwpsCYJ7HBJB3JdGHeKRp1.2","action":"ProcessGetUpdates", "result":"Done", "context":{"dataType":"Autofill Profiles", "deleted":"0", "process_failed_to_decrypt":"0", "process_pending_decryption":"0", "process_success":"2", "total":"2"}}
{"logTime": "0507/154320", "correlationVector":"HwpsCYJ7HBJB3JdGHeKRp1.3","action":"ProcessGetUpdates", "result":"Done", "context":{"dataType":"Autofill", "deleted":"0", "process_failed_to_decrypt":"0", "process_pending_decryption":"0", "process_success":"59", "total":"59"}}
{"logTime": "0507/154320", "correlationVector":"HwpsCYJ7HBJB3JdGHeKRp1.4","action":"GetUpdates Response", "result":"Success", "context":Received 61 update(s). cV=HwpsCYJ7HBJB3JdGHeKRp1.0;server=akswtt00000000a;cloudType=Consumer;environment=Prod_southeastasia_prod-s01-065-apac-southeastasia;migrationStage=NotStarted}
{"logTime": "0507/154320", "correlationVector":"ml5dEvnrdf+NUYYMm4Ggag","action":"Normal GetUpdate request", "result":"", "context":cV=ml5dEvnrdf+NUYYMm4Ggag
Nudged types: History
Refresh requested types: Bookmarks, Preferences, Passwords, Autofill Profiles, Autofill, Extensions, Sessions, Extension settings, History Delete Directives, Device Info, User Consents, Send Tab To Self, Web Apps, History, Saved Tab Group, WebAuthn Credentials, Collection, Edge E Drop, Edge Hub App Usage, Edge Wallet, Edge Workspace, Encryption Keys}
{"logTime": "0507/154320", "correlationVector":"ml5dEvnrdf+NUYYMm4Ggag.1","action":"SyncServerConnectionManagerRequest", "result":"SYNC_SERVER_OK", "context":{"environment":"Prod_southeastasia_prod-s01-065-apac-southeastasia", "migrationStage":"NotStarted", "server":"akswtt00000000p"}}
{"logTime": "0507/154320", "correlationVector":"ml5dEvnrdf+NUYYMm4Ggag.2","action":"ProcessGetUpdates", "result":"Done", "context":{"dataType":"History", "deleted":"0", "process_failed_to_decrypt":"0", "process_pending_decryption":"0", "process_success":"1", "total":"1"}}
{"logTime": "0507/154320", "correlationVector":"ml5dEvnrdf+NUYYMm4Ggag.3","action":"GetUpdates Response", "result":"Success", "context":Received 1 update(s). cV=ml5dEvnrdf+NUYYMm4Ggag.0;server=akswtt00000000p;cloudType=Consumer;environment=Prod_southeastasia_prod-s01-065-apac-southeastasia;migrationStage=NotStarted}
{"logTime": "0507/154326", "correlationVector":"yUgCmVglDY9j+3XfCo1b+G","action":"Commit Request", "result":"", "context":Item count: 14
Contributing types: Preferences, Passwords}
{"logTime": "0507/154327", "correlationVector":"yUgCmVglDY9j+3XfCo1b+G.1","action":"SyncServerConnectionManagerRequest", "result":"SYNC_SERVER_OK", "context":{"environment":"Prod_southeastasia_prod-s01-065-apac-southeastasia", "migrationStage":"NotStarted", "server":"akswtt00000000b"}}
{"logTime": "0507/154327", "correlationVector":"yUgCmVglDY9j+3XfCo1b+G.2","action":"Commit Response", "result":"Success", "context":Result: Success. cV=yUgCmVglDY9j+3XfCo1b+G.0;server=akswtt00000000b;cloudType=Consumer;environment=Prod_southeastasia_prod-s01-065-apac-southeastasia;migrationStage=NotStarted}
{"logTime": "0507/154520", "correlationVector":"Hi4qTCMZL4haPYtFmKBjwJ","action":"Commit Request", "result":"", "context":Item count: 3
Contributing types: Sessions, History}
{"logTime": "0507/154521", "correlationVector":"Hi4qTCMZL4haPYtFmKBjwJ.1","action":"SyncServerConnectionManagerRequest", "result":"SYNC_SERVER_OK", "context":{"environment":"Prod_southeastasia_prod-s01-065-apac-southeastasia", "migrationStage":"NotStarted", "server":"akswtt00000000k"}}
{"logTime": "0507/154521", "correlationVector":"Hi4qTCMZL4haPYtFmKBjwJ.2","action":"Commit Response", "result":"Success", "context":Result: Success. cV=Hi4qTCMZL4haPYtFmKBjwJ.0;server=akswtt00000000k;cloudType=Consumer;environment=Prod_southeastasia_prod-s01-065-apac-southeastasia;migrationStage=NotStarted}
{"logTime": "0507/154640", "correlationVector":"UiGG60n8p2U+fT6oIMDiOK","action":"Commit Request", "result":"", "context":Item count: 1
Contributing types: Sessions}
{"logTime": "0507/154640", "correlationVector":"UiGG60n8p2U+fT6oIMDiOK.1","action":"SyncServerConnectionManagerRequest", "result":"SYNC_SERVER_OK", "context":{"environment":"Prod_southeastasia_prod-s01-065-apac-southeastasia", "migrationStage":"NotStarted", "server":"akswtt00000000q"}}
{"logTime": "0507/154640", "correlationVector":"UiGG60n8p2U+fT6oIMDiOK.2","action":"Commit Response", "result":"Success", "context":Result: Success. cV=UiGG60n8p2U+fT6oIMDiOK.0;server=akswtt00000000q;cloudType=Consumer;environment=Prod_southeastasia_prod-s01-065-apac-southeastasia;migrationStage=NotStarted}
{"logTime": "0507/155120", "correlationVector":"NWvY6yx6HzM/gVCSZ72Uub","action":"Poll GetUpdate request", "result":"", "context":cV=NWvY6yx6HzM/gVCSZ72Uub}
{"logTime": "0507/155121", "correlationVector":"NWvY6yx6HzM/gVCSZ72Uub.1","action":"SyncServerConnectionManagerRequest", "result":"SYNC_SERVER_OK", "context":{"environment":"Prod_southeastasia_prod-s01-065-apac-southeastasia", "migrationStage":"NotStarted", "server":"akswtt00000000u"}}
{"logTime": "0507/155121", "correlationVector":"NWvY6yx6HzM/gVCSZ72Uub.2","action":"ProcessGetUpdates", "result":"Done", "context":{"dataType":"Preferences", "deleted":"0", "process_failed_to_decrypt":"0", "process_pending_decryption":"0", "process_success":"1", "total":"1"}}
{"logTime": "0507/155121", "correlationVector":"NWvY6yx6HzM/gVCSZ72Uub.3","action":"ProcessGetUpdates", "result":"Done", "context":{"dataType":"Passwords", "deleted":"0", "process_failed_to_decrypt":"0", "process_pending_decryption":"0", "process_success":"13", "total":"13"}}
{"logTime": "0507/155121", "correlationVector":"NWvY6yx6HzM/gVCSZ72Uub.4","action":"ProcessGetUpdates", "result":"Done", "context":{"dataType":"Sessions", "deleted":"0", "process_failed_to_decrypt":"0", "process_pending_decryption":"0", "process_success":"1", "total":"1"}}
{"logTime": "0507/155121", "correlationVector":"NWvY6yx6HzM/gVCSZ72Uub.5","action":"ProcessGetUpdates", "result":"Done", "context":{"dataType":"History", "deleted":"0", "process_failed_to_decrypt":"0", "process_pending_decryption":"0", "process_success":"2", "total":"2"}}
{"logTime": "0507/155121", "correlationVector":"NWvY6yx6HzM/gVCSZ72Uub.6","action":"GetUpdates Response", "result":"Success", "context":Received 17 update(s). cV=NWvY6yx6HzM/gVCSZ72Uub.0;server=akswtt00000000u;cloudType=Consumer;environment=Prod_southeastasia_prod-s01-065-apac-southeastasia;migrationStage=NotStarted}
{"logTime": "0507/155613", "correlationVector":"rvrTokGVViHVSKU7c6/+Xz","action":"Commit Request", "result":"", "context":Item count: 2
Contributing types: Sessions, History}
{"logTime": "0507/155614", "correlationVector":"rvrTokGVViHVSKU7c6/+Xz.1","action":"SyncServerConnectionManagerRequest", "result":"SYNC_SERVER_OK", "context":{"environment":"Prod_southeastasia_prod-s01-064-apac-southeastasia", "migrationStage":"NotStarted", "server":"akswtt00000000e"}}
{"logTime": "0507/155614", "correlationVector":"rvrTokGVViHVSKU7c6/+Xz.2","action":"Commit Response", "result":"Success", "context":Result: Success. cV=rvrTokGVViHVSKU7c6/+Xz.0;server=akswtt00000000e;cloudType=Consumer;environment=Prod_southeastasia_prod-s01-064-apac-southeastasia;migrationStage=NotStarted}
{"logTime": "0507/160225", "correlationVector":"Q5wYFJBdTrlvJcTRZB2QxF","action":"Commit Request", "result":"", "context":Item count: 1
Contributing types: Sessions}
{"logTime": "0507/160225", "correlationVector":"Q5wYFJBdTrlvJcTRZB2QxF.1","action":"SyncServerConnectionManagerRequest", "result":"SYNC_SERVER_OK", "context":{"environment":"Prod_southeastasia_prod-s01-064-apac-southeastasia", "migrationStage":"NotStarted", "server":"akswtt00000000b"}}
{"logTime": "0507/160225", "correlationVector":"Q5wYFJBdTrlvJcTRZB2QxF.2","action":"Commit Response", "result":"Success", "context":Result: Success. cV=Q5wYFJBdTrlvJcTRZB2QxF.0;server=akswtt00000000b;cloudType=Consumer;environment=Prod_southeastasia_prod-s01-064-apac-southeastasia;migrationStage=NotStarted}
{"logTime": "0507/180445", "correlationVector":"zC6HGNt22nz5VaKh9mP9uQ.1","action":"SyncServerConnectionManagerRequest", "result":"SYNC_SERVER_OK", "context":{"environment":"Prod_southeastasia_prod-s01-065-apac-southeastasia", "migrationStage":"NotStarted", "server":"akswtt00000000s"}}
{"logTime": "0507/180445", "correlationVector":"zC6HGNt22nz5VaKh9mP9uQ.2","action":"ProcessGetUpdates", "result":"Done", "context":{"dataType":"Encryption Keys", "deleted":"0", "process_failed_to_decrypt":"0", "process_pending_decryption":"0", "process_success":"1", "total":"1"}}
{"logTime": "0507/180446", "correlationVector":"RYKIzXm0a4nv8Ir/XqDfMq","action":"SyncServerConnectionManagerRequest", "result":"SYNC_SERVER_OK", "context":{"environment":"", "migrationStage":"", "server":""}}
{"logTime": "0507/180446", "correlationVector":"RYKIzXm0a4nv8Ir/XqDfMq.0","action":"EncryptionKeysFetcher.DownloadKeys:", "result":"Success", "context":Key count: 10, Last key timestamp: 2025-12-29T07:11:07Z}
{"logTime": "0507/180446", "correlationVector":"RYKIzXm0a4nv8Ir/XqDfMq.1","action":"EncryptionKeysManager::SetEncryptionKeys:", "result":"Success", "context":Key names[10]:[hV91BvNFhRJiQ/n7wyVJw0PYJhk9deSFklvA9z0UYo772W5sqO0Sk1nziBgVAzwJkvG+AkA56+jiS46M4/IQNQ==][cGuCykgr1r89GKHCDkfuAtnANlrQ1uH5ywDMgMRcYeyalFxHAXBDnqPk2aqdJWsqv2hzulNnLEWVNBQVlAD/xQ==][OUGqWdLjLV1yQwTKBJQBw142cvwB15O9xABqCx+MAsH9n90JcWGD4t7JNLwBorDNJwEoLMKctHPo/QjUiqi4PQ==][V96AfgSsY4kONGS0zRs+zFBchOtyvIDoGMwZRk0zyItzywJIydoQr2wtEzyK/DB1fX+PGgYeSB4eYIRURp+QkQ==][36WUCy8ah/7VgAnucAOXj9t3Cao3GVIQVwolDXygnX5Cg6ETFio3/meOmKQQNX1J6FhGNcf01LfA15vkdEbuWg==][YSPaosAqOob5GhvlVfzHxL8P5zCpjc7GiQVuIdcu4TF2vmLnJJ6VbxW0aPes0/OqJL3vHhHimTURgKsPjrNbaw==][rjMIshFWN+6/Rz2BVf4A1LpfDI3ErY5JcD79PEAulgJLb/QKz/hA4xMo/Za0+ivxX4TXe/Ys5XTMCX5ZdiBnFQ==][bgDElEj2PKy7uP4/Uk7k6Fbj7KUqWGTpMxfe5NSkn+rTMilJ+vDlkc0tDy5cGu+jEat5aE2rlQVQSOOWubvv3Q==][5HltCORxvzWrRoF0tbbV/2JlLtKv19Guun5NVoTlxe3R7UTlacs4hUm2cYmk3FmJBmfKaVHuDQk/JMHGFmi3kA==][8aBl4PtUi7N1Cs401VDtNGAftRHitZEsCQhM8w8UbKWZ5DhoFk3/iSEdVmHAHYgWcDsMcDvGPs9y2jwXbjv/iQ==]}
{"logTime": "0507/180446", "correlationVector":"RYKIzXm0a4nv8Ir/XqDfMq.2","action":"EncryptionKeysManager::SetEncryptionKeysWithTimestamps:", "result":"Success", "context":Key timestamps[10]:[2021-06-14T10:45:37Z][2021-12-17T17:43:56Z][2022-06-16T07:29:35Z][2022-12-15T20:44:01Z][2023-03-28T15:50:27Z][2023-09-25T14:49:42Z][2024-05-20T15:52:26Z][2024-11-30T05:58:59Z][2025-06-28T03:22:12Z][2025-12-29T07:11:07Z]}
{"logTime": "0507/180446", "correlationVector":"zC6HGNt22nz5VaKh9mP9uQ","action":"Initial GetUpdates", "result":"", "context":Reason: NEW_CLIENT. cV=zC6HGNt22nz5VaKh9mP9uQ}
{"logTime": "0507/180446", "correlationVector":"zC6HGNt22nz5VaKh9mP9uQ.3","action":"GetUpdates Response", "result":"Success", "context":Received 1 update(s). cV=zC6HGNt22nz5VaKh9mP9uQ.0;server=akswtt00000000s;cloudType=Consumer;environment=Prod_southeastasia_prod-s01-065-apac-southeastasia;migrationStage=NotStarted}
{"logTime": "0507/180446", "correlationVector":"8SEVMg7G56k6MRh/jyh9An","action":"Initial GetUpdates", "result":"", "context":Reason: NEWLY_SUPPORTED_DATATYPE. cV=8SEVMg7G56k6MRh/jyh9An}
{"logTime": "0507/180446", "correlationVector":"8SEVMg7G56k6MRh/jyh9An.1","action":"SyncServerConnectionManagerRequest", "result":"SYNC_SERVER_OK", "context":{"environment":"Prod_southeastasia_prod-s01-065-apac-southeastasia", "migrationStage":"NotStarted", "server":"akswtt000000008"}}
{"logTime": "0507/180446", "correlationVector":"8SEVMg7G56k6MRh/jyh9An.2","action":"ProcessGetUpdates", "result":"Done", "context":{"dataType":"Passwords", "deleted":"1", "process_failed_to_decrypt":"0", "process_pending_decryption":"0", "process_success":"31", "total":"31"}}
{"logTime": "0507/180446", "correlationVector":"8SEVMg7G56k6MRh/jyh9An.3","action":"GetUpdates Response", "result":"Success", "context":Received 31 update(s). cV=8SEVMg7G56k6MRh/jyh9An.0;server=akswtt000000008;cloudType=Consumer;environment=Prod_southeastasia_prod-s01-065-apac-southeastasia;migrationStage=NotStarted}
{"logTime": "0507/180446", "correlationVector":"frsj9E+plnGREzKMUVj5kq","action":"Normal GetUpdate request", "result":"", "context":cV=frsj9E+plnGREzKMUVj5kq
Nudged types: Sessions, Device Info
Refresh requested types: Bookmarks, Preferences, Passwords, Autofill Profiles, Autofill, Extensions, Sessions, Extension settings, History Delete Directives, Device Info, User Consents, Send Tab To Self, Web Apps, History, Saved Tab Group, WebAuthn Credentials, Collection, Edge E Drop, Edge Hub App Usage, Edge Wallet, Edge Workspace, Encryption Keys}
{"logTime": "0507/180446", "correlationVector":"frsj9E+plnGREzKMUVj5kq.1","action":"SyncServerConnectionManagerRequest", "result":"SYNC_SERVER_OK", "context":{"environment":"Prod_southeastasia_prod-s01-065-apac-southeastasia", "migrationStage":"NotStarted", "server":"akswtt000000008"}}
{"logTime": "0507/180446", "correlationVector":"frsj9E+plnGREzKMUVj5kq.2","action":"ProcessGetUpdates", "result":"Done", "context":{"dataType":"Sessions", "deleted":"0", "process_failed_to_decrypt":"0", "process_pending_decryption":"0", "process_success":"1", "total":"1"}}
{"logTime": "0507/180446", "correlationVector":"frsj9E+plnGREzKMUVj5kq.3","action":"ProcessGetUpdates", "result":"Done", "context":{"dataType":"History", "deleted":"0", "process_failed_to_decrypt":"0", "process_pending_decryption":"0", "process_success":"1", "total":"1"}}
{"logTime": "0507/180446", "correlationVector":"frsj9E+plnGREzKMUVj5kq.4","action":"GetUpdates Response", "result":"Success", "context":Received 2 update(s). cV=frsj9E+plnGREzKMUVj5kq.0;server=akswtt000000008;cloudType=Consumer;environment=Prod_southeastasia_prod-s01-065-apac-southeastasia;migrationStage=NotStarted}
{"logTime": "0507/180446", "correlationVector":"ssTx5sFtvZqH9AYNyB7jsK","action":"Commit Request", "result":"", "context":Item count: 4
Contributing types: Sessions, Device Info}
{"logTime": "0507/180447", "correlationVector":"ssTx5sFtvZqH9AYNyB7jsK.1","action":"SyncServerConnectionManagerRequest", "result":"SYNC_SERVER_OK", "context":{"environment":"Prod_southeastasia_prod-s01-065-apac-southeastasia", "migrationStage":"NotStarted", "server":"akswtt000000015"}}
{"logTime": "0507/180447", "correlationVector":"ssTx5sFtvZqH9AYNyB7jsK.3","action":"Commit.Sessions", "result":"Success", "context":{"id":"671561ec-1c4b-4c46-b8ba-9e397403a64b", "isDeleted":"true", "size":"0", "version":"1778169746472"}}
{"logTime": "0507/180447", "correlationVector":"ssTx5sFtvZqH9AYNyB7jsK.2","action":"Commit Response", "result":"Success", "context":Result: Success. cV=ssTx5sFtvZqH9AYNyB7jsK.0;server=akswtt000000015;cloudType=Consumer;environment=Prod_southeastasia_prod-s01-065-apac-southeastasia;migrationStage=NotStarted}
{"logTime": "0507/180452", "correlationVector":"tQyPSH/7CmokC4GTrilLwW","action":"Commit Request", "result":"", "context":Item count: 14
Contributing types: Preferences, Passwords}
{"logTime": "0507/180453", "correlationVector":"tQyPSH/7CmokC4GTrilLwW.1","action":"SyncServerConnectionManagerRequest", "result":"SYNC_SERVER_OK", "context":{"environment":"Prod_southeastasia_prod-s01-065-apac-southeastasia", "migrationStage":"NotStarted", "server":"akswtt00000000l"}}
{"logTime": "0507/180453", "correlationVector":"tQyPSH/7CmokC4GTrilLwW.2","action":"Commit Response", "result":"Success", "context":Result: Success. cV=tQyPSH/7CmokC4GTrilLwW.0;server=akswtt00000000l;cloudType=Consumer;environment=Prod_southeastasia_prod-s01-065-apac-southeastasia;migrationStage=NotStarted}
{"logTime": "0507/180535", "correlationVector":"1b/2AWLl1H4lEU7MydfqHe","action":"Commit Request", "result":"", "context":Item count: 2
Contributing types: Sessions, History}
{"logTime": "0507/180535", "correlationVector":"1b/2AWLl1H4lEU7MydfqHe.1","action":"SyncServerConnectionManagerRequest", "result":"SYNC_SERVER_OK", "context":{"environment":"Prod_southeastasia_prod-s01-065-apac-southeastasia", "migrationStage":"NotStarted", "server":"akswtt00000000u"}}
{"logTime": "0507/180535", "correlationVector":"1b/2AWLl1H4lEU7MydfqHe.2","action":"Commit Response", "result":"Success", "context":Result: Success. cV=1b/2AWLl1H4lEU7MydfqHe.0;server=akswtt00000000u;cloudType=Consumer;environment=Prod_southeastasia_prod-s01-065-apac-southeastasia;migrationStage=NotStarted}
{"logTime": "0508/061005", "correlationVector":"x5tkRP2+u0MRNw27nfsKgn.1","action":"SyncServerConnectionManagerRequest", "result":"SYNC_SERVER_OK", "context":{"environment":"Prod_southeastasia_prod-s01-064-apac-southeastasia", "migrationStage":"NotStarted", "server":"akswtt000000010"}}
{"logTime": "0508/061005", "correlationVector":"x5tkRP2+u0MRNw27nfsKgn.2","action":"ProcessGetUpdates", "result":"Done", "context":{"dataType":"Encryption Keys", "deleted":"0", "process_failed_to_decrypt":"0", "process_pending_decryption":"0", "process_success":"1", "total":"1"}}
{"logTime": "0508/061006", "correlationVector":"WEbFS7v25LB9l+07f3AuhR","action":"SyncServerConnectionManagerRequest", "result":"SYNC_SERVER_OK", "context":{"environment":"", "migrationStage":"", "server":""}}
{"logTime": "0508/061006", "correlationVector":"WEbFS7v25LB9l+07f3AuhR.0","action":"EncryptionKeysFetcher.DownloadKeys:", "result":"Success", "context":Key count: 10, Last key timestamp: 2025-12-29T07:11:07Z}
{"logTime": "0508/061006", "correlationVector":"WEbFS7v25LB9l+07f3AuhR.1","action":"EncryptionKeysManager::SetEncryptionKeys:", "result":"Success", "context":Key names[10]:[hV91BvNFhRJiQ/n7wyVJw0PYJhk9deSFklvA9z0UYo772W5sqO0Sk1nziBgVAzwJkvG+AkA56+jiS46M4/IQNQ==][cGuCykgr1r89GKHCDkfuAtnANlrQ1uH5ywDMgMRcYeyalFxHAXBDnqPk2aqdJWsqv2hzulNnLEWVNBQVlAD/xQ==][OUGqWdLjLV1yQwTKBJQBw142cvwB15O9xABqCx+MAsH9n90JcWGD4t7JNLwBorDNJwEoLMKctHPo/QjUiqi4PQ==][V96AfgSsY4kONGS0zRs+zFBchOtyvIDoGMwZRk0zyItzywJIydoQr2wtEzyK/DB1fX+PGgYeSB4eYIRURp+QkQ==][36WUCy8ah/7VgAnucAOXj9t3Cao3GVIQVwolDXygnX5Cg6ETFio3/meOmKQQNX1J6FhGNcf01LfA15vkdEbuWg==][YSPaosAqOob5GhvlVfzHxL8P5zCpjc7GiQVuIdcu4TF2vmLnJJ6VbxW0aPes0/OqJL3vHhHimTURgKsPjrNbaw==][rjMIshFWN+6/Rz2BVf4A1LpfDI3ErY5JcD79PEAulgJLb/QKz/hA4xMo/Za0+ivxX4TXe/Ys5XTMCX5ZdiBnFQ==][bgDElEj2PKy7uP4/Uk7k6Fbj7KUqWGTpMxfe5NSkn+rTMilJ+vDlkc0tDy5cGu+jEat5aE2rlQVQSOOWubvv3Q==][5HltCORxvzWrRoF0tbbV/2JlLtKv19Guun5NVoTlxe3R7UTlacs4hUm2cYmk3FmJBmfKaVHuDQk/JMHGFmi3kA==][8aBl4PtUi7N1Cs401VDtNGAftRHitZEsCQhM8w8UbKWZ5DhoFk3/iSEdVmHAHYgWcDsMcDvGPs9y2jwXbjv/iQ==]}
{"logTime": "0508/061006", "correlationVector":"WEbFS7v25LB9l+07f3AuhR.2","action":"EncryptionKeysManager::SetEncryptionKeysWithTimestamps:", "result":"Success", "context":Key timestamps[10]:[2021-06-14T10:45:37Z][2021-12-17T17:43:56Z][2022-06-16T07:29:35Z][2022-12-15T20:44:01Z][2023-03-28T15:50:27Z][2023-09-25T14:49:42Z][2024-05-20T15:52:26Z][2024-11-30T05:58:59Z][2025-06-28T03:22:12Z][2025-12-29T07:11:07Z]}
{"logTime": "0508/061006", "correlationVector":"x5tkRP2+u0MRNw27nfsKgn","action":"Initial GetUpdates", "result":"", "context":Reason: NEW_CLIENT. cV=x5tkRP2+u0MRNw27nfsKgn}
{"logTime": "0508/061006", "correlationVector":"x5tkRP2+u0MRNw27nfsKgn.3","action":"GetUpdates Response", "result":"Success", "context":Received 1 update(s). cV=x5tkRP2+u0MRNw27nfsKgn.0;server=akswtt000000010;cloudType=Consumer;environment=Prod_southeastasia_prod-s01-064-apac-southeastasia;migrationStage=NotStarted}
{"logTime": "0508/061006", "correlationVector":"uVy0ppq42kC8KHyCPup15b","action":"Initial GetUpdates", "result":"", "context":Reason: NEWLY_SUPPORTED_DATATYPE. cV=uVy0ppq42kC8KHyCPup15b}
{"logTime": "0508/061007", "correlationVector":"uVy0ppq42kC8KHyCPup15b.1","action":"SyncServerConnectionManagerRequest", "result":"SYNC_SERVER_OK", "context":{"environment":"Prod_southeastasia_prod-s01-065-apac-southeastasia", "migrationStage":"NotStarted", "server":"akswtt000000000"}}
{"logTime": "0508/061007", "correlationVector":"uVy0ppq42kC8KHyCPup15b.2","action":"ProcessGetUpdates", "result":"Done", "context":{"dataType":"Preferences", "deleted":"14", "process_failed_to_decrypt":"0", "process_pending_decryption":"0", "process_success":"107", "total":"107"}}
{"logTime": "0508/061007", "correlationVector":"uVy0ppq42kC8KHyCPup15b.3","action":"ProcessGetUpdates", "result":"Done", "context":{"dataType":"Passwords", "deleted":"1", "process_failed_to_decrypt":"0", "process_pending_decryption":"0", "process_success":"31", "total":"31"}}
{"logTime": "0508/061007", "correlationVector":"uVy0ppq42kC8KHyCPup15b.4","action":"ProcessGetUpdates", "result":"Done", "context":{"dataType":"Device Info", "deleted":"0", "process_failed_to_decrypt":"0", "process_pending_decryption":"0", "process_success":"19", "total":"19"}}
{"logTime": "0508/061007", "correlationVector":"uVy0ppq42kC8KHyCPup15b.5","action":"GetUpdates Response", "result":"Success", "context":Received 157 update(s). cV=uVy0ppq42kC8KHyCPup15b.0;server=akswtt000000000;cloudType=Consumer;environment=Prod_southeastasia_prod-s01-065-apac-southeastasia;migrationStage=NotStarted}
{"logTime": "0508/061007", "correlationVector":"CfvC3PDUEubJ+7opdVyma2","action":"Initial GetUpdates", "result":"", "context":Reason: NEWLY_SUPPORTED_DATATYPE. cV=CfvC3PDUEubJ+7opdVyma2}
{"logTime": "0508/061007", "correlationVector":"CfvC3PDUEubJ+7opdVyma2.1","action":"SyncServerConnectionManagerRequest", "result":"SYNC_SERVER_OK", "context":{"environment":"Prod_southeastasia_prod-s01-065-apac-southeastasia", "migrationStage":"NotStarted", "server":"akswtt00000000c"}}
{"logTime": "0508/061007", "correlationVector":"CfvC3PDUEubJ+7opdVyma2.2","action":"ProcessGetUpdates", "result":"Done", "context":{"dataType":"Bookmarks", "deleted":"1", "process_failed_to_decrypt":"0", "process_pending_decryption":"0", "process_success":"8", "total":"8"}}
{"logTime": "0508/061007", "correlationVector":"CfvC3PDUEubJ+7opdVyma2.3","action":"GetUpdates Response", "result":"Success", "context":Received 8 update(s). cV=CfvC3PDUEubJ+7opdVyma2.0;server=akswtt00000000c;cloudType=Consumer;environment=Prod_southeastasia_prod-s01-065-apac-southeastasia;migrationStage=NotStarted}
{"logTime": "0508/061007", "correlationVector":"ALgIYNAAhpKX7FKyDT4iI/","action":"Initial GetUpdates", "result":"", "context":Reason: NEWLY_SUPPORTED_DATATYPE. cV=ALgIYNAAhpKX7FKyDT4iI/}
{"logTime": "0508/061007", "correlationVector":"ALgIYNAAhpKX7FKyDT4iI/.1","action":"SyncServerConnectionManagerRequest", "result":"SYNC_SERVER_OK", "context":{"environment":"Prod_southeastasia_prod-s01-065-apac-southeastasia", "migrationStage":"NotStarted", "server":"akswtt00000001f"}}
{"logTime": "0508/061007", "correlationVector":"ALgIYNAAhpKX7FKyDT4iI/.2","action":"ProcessGetUpdates", "result":"Done", "context":{"dataType":"Autofill Profiles", "deleted":"0", "process_failed_to_decrypt":"0", "process_pending_decryption":"0", "process_success":"2", "total":"2"}}
{"logTime": "0508/061007", "correlationVector":"ALgIYNAAhpKX7FKyDT4iI/.3","action":"ProcessGetUpdates", "result":"Done", "context":{"dataType":"Autofill", "deleted":"0", "process_failed_to_decrypt":"0", "process_pending_decryption":"0", "process_success":"59", "total":"59"}}
{"logTime": "0508/061007", "correlationVector":"ALgIYNAAhpKX7FKyDT4iI/.4","action":"ProcessGetUpdates", "result":"Done", "context":{"dataType":"Sessions", "deleted":"151", "process_failed_to_decrypt":"0", "process_pending_decryption":"0", "process_success":"161", "total":"161"}}
{"logTime": "0508/061007", "correlationVector":"ALgIYNAAhpKX7FKyDT4iI/.5","action":"ProcessGetUpdates", "result":"Done", "context":{"dataType":"Edge Hub App Usage", "deleted":"2", "process_failed_to_decrypt":"0", "process_pending_decryption":"0", "process_success":"7", "total":"7"}}
{"logTime": "0508/061007", "correlationVector":"ALgIYNAAhpKX7FKyDT4iI/.6","action":"GetUpdates Response", "result":"Success", "context":Received 229 update(s). cV=ALgIYNAAhpKX7FKyDT4iI/.0;server=akswtt00000001f;cloudType=Consumer;environment=Prod_southeastasia_prod-s01-065-apac-southeastasia;migrationStage=NotStarted}
{"logTime": "0508/061007", "correlationVector":"Wu4tmpNsx3g5faS/00OR4W","action":"Initial GetUpdates", "result":"", "context":Reason: NEWLY_SUPPORTED_DATATYPE. cV=Wu4tmpNsx3g5faS/00OR4W}
{"logTime": "0508/061008", "correlationVector":"Wu4tmpNsx3g5faS/00OR4W.1","action":"SyncServerConnectionManagerRequest", "result":"SYNC_SERVER_OK", "context":{"environment":"Prod_southeastasia_prod-s01-065-apac-southeastasia", "migrationStage":"NotStarted", "server":"akswtt00000000e"}}
{"logTime": "0508/061008", "correlationVector":"Wu4tmpNsx3g5faS/00OR4W.2","action":"ProcessGetUpdates", "result":"Done", "context":{"dataType":"History", "deleted":"0", "process_failed_to_decrypt":"0", "process_pending_decryption":"0", "process_success":"106", "total":"106"}}
{"logTime": "0508/061008", "correlationVector":"Wu4tmpNsx3g5faS/00OR4W.3","action":"GetUpdates Response", "result":"Success", "context":Received 106 update(s). cV=Wu4tmpNsx3g5faS/00OR4W.0;server=akswtt00000000e;cloudType=Consumer;environment=Prod_southeastasia_prod-s01-065-apac-southeastasia;migrationStage=NotStarted}
{"logTime": "0508/061008", "correlationVector":"6CiQzRPbsCPyVcmXKx9uDq","action":"Normal GetUpdate request", "result":"", "context":cV=6CiQzRPbsCPyVcmXKx9uDq
Nudged types: Sessions, Device Info
Refresh requested types: Bookmarks, Preferences, Passwords, Autofill Profiles, Autofill, Extensions, Sessions, Extension settings, History Delete Directives, Device Info, User Consents, Send Tab To Self, Web Apps, History, Saved Tab Group, WebAuthn Credentials, Collection, Edge E Drop, Edge Hub App Usage, Edge Wallet, Edge Workspace, Encryption Keys}
{"logTime": "0508/061008", "correlationVector":"6CiQzRPbsCPyVcmXKx9uDq.1","action":"SyncServerConnectionManagerRequest", "result":"SYNC_SERVER_OK", "context":{"environment":"Prod_southeastasia_prod-s01-065-apac-southeastasia", "migrationStage":"NotStarted", "server":"akswtt00000000m"}}
{"logTime": "0508/061008", "correlationVector":"6CiQzRPbsCPyVcmXKx9uDq.2","action":"GetUpdates Response", "result":"Success", "context":Received 0 update(s). cV=6CiQzRPbsCPyVcmXKx9uDq.0;server=akswtt00000000m;cloudType=Consumer;environment=Prod_southeastasia_prod-s01-065-apac-southeastasia;migrationStage=NotStarted}
{"logTime": "0508/061008", "correlationVector":"JZTL8V4D6cZny5lPbUQKED","action":"Commit Request", "result":"", "context":Item count: 3
Contributing types: Sessions, Device Info}
{"logTime": "0508/061008", "correlationVector":"JZTL8V4D6cZny5lPbUQKED.1","action":"SyncServerConnectionManagerRequest", "result":"SYNC_SERVER_OK", "context":{"environment":"Prod_southeastasia_prod-s01-065-apac-southeastasia", "migrationStage":"NotStarted", "server":"akswtt000000000"}}
{"logTime": "0508/061008", "correlationVector":"JZTL8V4D6cZny5lPbUQKED.2","action":"Commit Response", "result":"Success", "context":Result: Success. cV=JZTL8V4D6cZny5lPbUQKED.0;server=akswtt000000000;cloudType=Consumer;environment=Prod_southeastasia_prod-s01-065-apac-southeastasia;migrationStage=NotStarted}
{"logTime": "0508/061008", "correlationVector":"cwOKkMLBihZRFoxX1VEK2G","action":"Poll GetUpdate request", "result":"", "context":cV=cwOKkMLBihZRFoxX1VEK2G}
{"logTime": "0508/061009", "correlationVector":"cwOKkMLBihZRFoxX1VEK2G.1","action":"SyncServerConnectionManagerRequest", "result":"SYNC_SERVER_OK", "context":{"environment":"Prod_southeastasia_prod-s01-065-apac-southeastasia", "migrationStage":"NotStarted", "server":"akswtt00000000p"}}
{"logTime": "0508/061009", "correlationVector":"cwOKkMLBihZRFoxX1VEK2G.2","action":"ProcessGetUpdates", "result":"Done", "context":{"dataType":"Sessions", "deleted":"0", "process_failed_to_decrypt":"0", "process_pending_decryption":"0", "process_success":"2", "total":"2"}}
{"logTime": "0508/061009", "correlationVector":"cwOKkMLBihZRFoxX1VEK2G.3","action":"ProcessGetUpdates", "result":"Done", "context":{"dataType":"Device Info", "deleted":"0", "process_failed_to_decrypt":"0", "process_pending_decryption":"0", "process_success":"1", "total":"1"}}
{"logTime": "0508/061009", "correlationVector":"cwOKkMLBihZRFoxX1VEK2G.4","action":"GetUpdates Response", "result":"Success", "context":Received 3 update(s). cV=cwOKkMLBihZRFoxX1VEK2G.0;server=akswtt00000000p;cloudType=Consumer;environment=Prod_southeastasia_prod-s01-065-apac-southeastasia;migrationStage=NotStarted}
{"logTime": "0508/061013", "correlationVector":"V+JGXZEttroIuezA1aEKcT","action":"Commit Request", "result":"", "context":Item count: 14
Contributing types: Preferences, Passwords}
{"logTime": "0508/061014", "correlationVector":"V+JGXZEttroIuezA1aEKcT.1","action":"SyncServerConnectionManagerRequest", "result":"SYNC_SERVER_OK", "context":{"environment":"Prod_southeastasia_prod-s01-065-apac-southeastasia", "migrationStage":"NotStarted", "server":"akswtt00000000e"}}
{"logTime": "0508/061014", "correlationVector":"V+JGXZEttroIuezA1aEKcT.2","action":"Commit Response", "result":"Success", "context":Result: Success. cV=V+JGXZEttroIuezA1aEKcT.0;server=akswtt00000000e;cloudType=Consumer;environment=Prod_southeastasia_prod-s01-065-apac-southeastasia;migrationStage=NotStarted}
{"logTime": "0508/062311", "correlationVector":"rAaqpeI+sJOP60/OiV1I4f.1","action":"SyncServerConnectionManagerRequest", "result":"SYNC_SERVER_OK", "context":{"environment":"Prod_southeastasia_prod-s01-065-apac-southeastasia", "migrationStage":"NotStarted", "server":"akswtt000000007"}}
{"logTime": "0508/062311", "correlationVector":"rAaqpeI+sJOP60/OiV1I4f.2","action":"ProcessGetUpdates", "result":"Done", "context":{"dataType":"Encryption Keys", "deleted":"0", "process_failed_to_decrypt":"0", "process_pending_decryption":"0", "process_success":"1", "total":"1"}}
{"logTime": "0508/062312", "correlationVector":"9pfbFhPfMip04kdLg8doxt","action":"SyncServerConnectionManagerRequest", "result":"SYNC_SERVER_OK", "context":{"environment":"", "migrationStage":"", "server":""}}
{"logTime": "0508/062312", "correlationVector":"9pfbFhPfMip04kdLg8doxt.0","action":"EncryptionKeysFetcher.DownloadKeys:", "result":"Success", "context":Key count: 10, Last key timestamp: 2025-12-29T07:11:07Z}
{"logTime": "0508/062312", "correlationVector":"9pfbFhPfMip04kdLg8doxt.1","action":"EncryptionKeysManager::SetEncryptionKeys:", "result":"Success", "context":Key names[10]:[hV91BvNFhRJiQ/n7wyVJw0PYJhk9deSFklvA9z0UYo772W5sqO0Sk1nziBgVAzwJkvG+AkA56+jiS46M4/IQNQ==][cGuCykgr1r89GKHCDkfuAtnANlrQ1uH5ywDMgMRcYeyalFxHAXBDnqPk2aqdJWsqv2hzulNnLEWVNBQVlAD/xQ==][OUGqWdLjLV1yQwTKBJQBw142cvwB15O9xABqCx+MAsH9n90JcWGD4t7JNLwBorDNJwEoLMKctHPo/QjUiqi4PQ==][V96AfgSsY4kONGS0zRs+zFBchOtyvIDoGMwZRk0zyItzywJIydoQr2wtEzyK/DB1fX+PGgYeSB4eYIRURp+QkQ==][36WUCy8ah/7VgAnucAOXj9t3Cao3GVIQVwolDXygnX5Cg6ETFio3/meOmKQQNX1J6FhGNcf01LfA15vkdEbuWg==][YSPaosAqOob5GhvlVfzHxL8P5zCpjc7GiQVuIdcu4TF2vmLnJJ6VbxW0aPes0/OqJL3vHhHimTURgKsPjrNbaw==][rjMIshFWN+6/Rz2BVf4A1LpfDI3ErY5JcD79PEAulgJLb/QKz/hA4xMo/Za0+ivxX4TXe/Ys5XTMCX5ZdiBnFQ==][bgDElEj2PKy7uP4/Uk7k6Fbj7KUqWGTpMxfe5NSkn+rTMilJ+vDlkc0tDy5cGu+jEat5aE2rlQVQSOOWubvv3Q==][5HltCORxvzWrRoF0tbbV/2JlLtKv19Guun5NVoTlxe3R7UTlacs4hUm2cYmk3FmJBmfKaVHuDQk/JMHGFmi3kA==][8aBl4PtUi7N1Cs401VDtNGAftRHitZEsCQhM8w8UbKWZ5DhoFk3/iSEdVmHAHYgWcDsMcDvGPs9y2jwXbjv/iQ==]}
{"logTime": "0508/062312", "correlationVector":"9pfbFhPfMip04kdLg8doxt.2","action":"EncryptionKeysManager::SetEncryptionKeysWithTimestamps:", "result":"Success", "context":Key timestamps[10]:[2021-06-14T10:45:37Z][2021-12-17T17:43:56Z][2022-06-16T07:29:35Z][2022-12-15T20:44:01Z][2023-03-28T15:50:27Z][2023-09-25T14:49:42Z][2024-05-20T15:52:26Z][2024-11-30T05:58:59Z][2025-06-28T03:22:12Z][2025-12-29T07:11:07Z]}
{"logTime": "0508/062312", "correlationVector":"rAaqpeI+sJOP60/OiV1I4f","action":"Initial GetUpdates", "result":"", "context":Reason: NEW_CLIENT. cV=rAaqpeI+sJOP60/OiV1I4f}
{"logTime": "0508/062312", "correlationVector":"rAaqpeI+sJOP60/OiV1I4f.3","action":"GetUpdates Response", "result":"Success", "context":Received 1 update(s). cV=rAaqpeI+sJOP60/OiV1I4f.0;server=akswtt000000007;cloudType=Consumer;environment=Prod_southeastasia_prod-s01-065-apac-southeastasia;migrationStage=NotStarted}
{"logTime": "0508/062312", "correlationVector":"XsREPN6CZMHjHRjJ+dRyIR","action":"Initial GetUpdates", "result":"", "context":Reason: NEWLY_SUPPORTED_DATATYPE. cV=XsREPN6CZMHjHRjJ+dRyIR}
{"logTime": "0508/062317", "correlationVector":"XsREPN6CZMHjHRjJ+dRyIR.1","action":"SyncServerConnectionManagerRequest", "result":"SYNC_SERVER_OK", "context":{"environment":"Prod_southeastasia_prod-s01-065-apac-southeastasia", "migrationStage":"NotStarted", "server":"akswtt00000000k"}}
{"logTime": "0508/062317", "correlationVector":"XsREPN6CZMHjHRjJ+dRyIR.2","action":"ProcessGetUpdates", "result":"Done", "context":{"dataType":"Passwords", "deleted":"1", "process_failed_to_decrypt":"0", "process_pending_decryption":"0", "process_success":"31", "total":"31"}}
{"logTime": "0508/062317", "correlationVector":"XsREPN6CZMHjHRjJ+dRyIR.3","action":"GetUpdates Response", "result":"Success", "context":Received 31 update(s). cV=XsREPN6CZMHjHRjJ+dRyIR.0;server=akswtt00000000k;cloudType=Consumer;environment=Prod_southeastasia_prod-s01-065-apac-southeastasia;migrationStage=NotStarted}
{"logTime": "0508/062317", "correlationVector":"Ej9lmDv/DKp/LvYTyxvSpg","action":"Normal GetUpdate request", "result":"", "context":cV=Ej9lmDv/DKp/LvYTyxvSpg
Nudged types: Sessions, Device Info, History
Refresh requested types: Bookmarks, Preferences, Passwords, Autofill Profiles, Autofill, Extensions, Sessions, Extension settings, History Delete Directives, Device Info, User Consents, Send Tab To Self, Web Apps, History, Saved Tab Group, WebAuthn Credentials, Collection, Edge E Drop, Edge Hub App Usage, Edge Wallet, Edge Workspace, Encryption Keys}
{"logTime": "0508/062317", "correlationVector":"Ej9lmDv/DKp/LvYTyxvSpg.1","action":"SyncServerConnectionManagerRequest", "result":"SYNC_SERVER_OK", "context":{"environment":"Prod_southeastasia_prod-s01-065-apac-southeastasia", "migrationStage":"NotStarted", "server":"akswtt00000000k"}}
{"logTime": "0508/062317", "correlationVector":"Ej9lmDv/DKp/LvYTyxvSpg.2","action":"ProcessGetUpdates", "result":"Done", "context":{"dataType":"Preferences", "deleted":"0", "process_failed_to_decrypt":"0", "process_pending_decryption":"0", "process_success":"1", "total":"1"}}
{"logTime": "0508/062317", "correlationVector":"Ej9lmDv/DKp/LvYTyxvSpg.3","action":"GetUpdates Response", "result":"Success", "context":Received 1 update(s). cV=Ej9lmDv/DKp/LvYTyxvSpg.0;server=akswtt00000000k;cloudType=Consumer;environment=Prod_southeastasia_prod-s01-065-apac-southeastasia;migrationStage=NotStarted}
{"logTime": "0508/062317", "correlationVector":"alnL2jJpO3ONutgzCkmzGF","action":"Commit Request", "result":"", "context":Item count: 5
Contributing types: Sessions, Device Info, History}
{"logTime": "0508/062319", "correlationVector":"alnL2jJpO3ONutgzCkmzGF.1","action":"SyncServerConnectionManagerRequest", "result":"SYNC_SERVER_OK", "context":{"environment":"Prod_southeastasia_prod-s01-065-apac-southeastasia", "migrationStage":"NotStarted", "server":"akswtt000000007"}}
{"logTime": "0508/062319", "correlationVector":"alnL2jJpO3ONutgzCkmzGF.2","action":"Commit Response", "result":"Success", "context":Result: Success. cV=alnL2jJpO3ONutgzCkmzGF.0;server=akswtt000000007;cloudType=Consumer;environment=Prod_southeastasia_prod-s01-065-apac-southeastasia;migrationStage=NotStarted}
{"logTime": "0508/062319", "correlationVector":"7Gh+vLUYVd2Q9HJoNi/OdQ","action":"Commit Request", "result":"", "context":Item count: 2
Contributing types: Sessions, History}
{"logTime": "0508/062320", "correlationVector":"7Gh+vLUYVd2Q9HJoNi/OdQ.1","action":"SyncServerConnectionManagerRequest", "result":"SYNC_SERVER_OK", "context":{"environment":"Prod_southeastasia_prod-s01-065-apac-southeastasia", "migrationStage":"NotStarted", "server":"akswtt00000000a"}}
{"logTime": "0508/062320", "correlationVector":"7Gh+vLUYVd2Q9HJoNi/OdQ.2","action":"Commit Response", "result":"Success", "context":Result: Success. cV=7Gh+vLUYVd2Q9HJoNi/OdQ.0;server=akswtt00000000a;cloudType=Consumer;environment=Prod_southeastasia_prod-s01-065-apac-southeastasia;migrationStage=NotStarted}
{"logTime": "0508/062320", "correlationVector":"ucuk3QHfK9VPf5yGzhfORZ","action":"Commit Request", "result":"", "context":Item count: 14
Contributing types: Preferences, Passwords}
{"logTime": "0508/062323", "correlationVector":"ucuk3QHfK9VPf5yGzhfORZ.1","action":"SyncServerConnectionManagerRequest", "result":"SYNC_SERVER_OK", "context":{"environment":"Prod_southeastasia_prod-s01-065-apac-southeastasia", "migrationStage":"NotStarted", "server":"akswtt00000000d"}}
{"logTime": "0508/062323", "correlationVector":"ucuk3QHfK9VPf5yGzhfORZ.2","action":"Commit Response", "result":"Success", "context":Result: Success. cV=ucuk3QHfK9VPf5yGzhfORZ.0;server=akswtt00000000d;cloudType=Consumer;environment=Prod_southeastasia_prod-s01-065-apac-southeastasia;migrationStage=NotStarted}
{"logTime": "0508/062506", "correlationVector":"LenctNNbdTyokBua+4AqIr","action":"Commit Request", "result":"", "context":Item count: 1
Contributing types: History}
{"logTime": "0508/062508", "correlationVector":"LenctNNbdTyokBua+4AqIr.1","action":"SyncServerConnectionManagerRequest", "result":"SYNC_SERVER_OK", "context":{"environment":"Prod_southeastasia_prod-s01-065-apac-southeastasia", "migrationStage":"NotStarted", "server":"akswtt00000000u"}}
{"logTime": "0508/062508", "correlationVector":"LenctNNbdTyokBua+4AqIr.2","action":"Commit Response", "result":"Success", "context":Result: Success. cV=LenctNNbdTyokBua+4AqIr.0;server=akswtt00000000u;cloudType=Consumer;environment=Prod_southeastasia_prod-s01-065-apac-southeastasia;migrationStage=NotStarted}
{"logTime": "0508/062753", "correlationVector":"38Qb/KsIGbwpbdwcXFifxt","action":"Commit Request", "result":"", "context":Item count: 1
Contributing types: Sessions}
{"logTime": "0508/062753", "correlationVector":"38Qb/KsIGbwpbdwcXFifxt.1","action":"SyncServerConnectionManagerRequest", "result":"SYNC_SERVER_OK", "context":{"environment":"Prod_southeastasia_prod-s01-065-apac-southeastasia", "migrationStage":"NotStarted", "server":"akswtt00000000l"}}
{"logTime": "0508/062753", "correlationVector":"38Qb/KsIGbwpbdwcXFifxt.2","action":"Commit Response", "result":"Success", "context":Result: Success. cV=38Qb/KsIGbwpbdwcXFifxt.0;server=akswtt00000000l;cloudType=Consumer;environment=Prod_southeastasia_prod-s01-065-apac-southeastasia;migrationStage=NotStarted}
{"logTime": "0508/073004", "correlationVector":"ZPZW0/XVxIB4IXxHYi3fR5","action":"Commit Request", "result":"", "context":Item count: 1
Contributing types: Device Info}
{"logTime": "0508/073025", "correlationVector":"ZPZW0/XVxIB4IXxHYi3fR5.1","action":"SyncServerConnectionManagerRequest", "result":"SYNC_SERVER_OK", "context":{"environment":"Prod_southeastasia_prod-s01-064-apac-southeastasia", "migrationStage":"NotStarted", "server":"akswtt00000000q"}}
{"logTime": "0508/073025", "correlationVector":"ZPZW0/XVxIB4IXxHYi3fR5.2","action":"Commit Response", "result":"Success", "context":Result: Success. cV=ZPZW0/XVxIB4IXxHYi3fR5.0;server=akswtt00000000q;cloudType=Consumer;environment=Prod_southeastasia_prod-s01-064-apac-southeastasia;migrationStage=NotStarted}
{"logTime": "0508/073025", "correlationVector":"l5KGfoS9lCfDG3VW1hvrED","action":"Commit Request", "result":"", "context":Item count: 1
Contributing types: Device Info}
{"logTime": "0508/073034", "correlationVector":"l5KGfoS9lCfDG3VW1hvrED.1","action":"SyncServerConnectionManagerRequest", "result":"SYNC_SERVER_OK", "context":{"environment":"Prod_southeastasia_prod-s01-065-apac-southeastasia", "migrationStage":"NotStarted", "server":"akswtt00000000a"}}
{"logTime": "0508/073034", "correlationVector":"l5KGfoS9lCfDG3VW1hvrED.2","action":"Commit Response", "result":"Success", "context":Result: Success. cV=l5KGfoS9lCfDG3VW1hvrED.0;server=akswtt00000000a;cloudType=Consumer;environment=Prod_southeastasia_prod-s01-065-apac-southeastasia;migrationStage=NotStarted}
{"logTime": "0508/074512", "correlationVector":"CtF1lO+ClzKxMfYP61reLk","action":"Commit Request", "result":"", "context":Item count: 1
Contributing types: Device Info}
{"logTime": "0508/074513", "correlationVector":"CtF1lO+ClzKxMfYP61reLk.1","action":"SyncServerConnectionManagerRequest", "result":"SYNC_SERVER_OK", "context":{"environment":"Prod_southindia_prod-s01-004-apac-southindia", "migrationStage":"NotStarted", "server":"akswtt10400000m"}}
{"logTime": "0508/074513", "correlationVector":"CtF1lO+ClzKxMfYP61reLk.2","action":"Commit Response", "result":"Success", "context":Result: Success. cV=CtF1lO+ClzKxMfYP61reLk.0;server=akswtt10400000m;cloudType=Consumer;environment=Prod_southindia_prod-s01-004-apac-southindia;migrationStage=NotStarted}
{"logTime": "0508/074615", "correlationVector":"ymbTSpwBR/tiGEu/tTTx3e","action":"Commit Request", "result":"", "context":Item count: 1
Contributing types: Sessions}
{"logTime": "0508/074615", "correlationVector":"ymbTSpwBR/tiGEu/tTTx3e.1","action":"SyncServerConnectionManagerRequest", "result":"SYNC_SERVER_OK", "context":{"environment":"Prod_southindia_prod-s01-004-apac-southindia", "migrationStage":"NotStarted", "server":"akswtt10400000p"}}
{"logTime": "0508/074615", "correlationVector":"ymbTSpwBR/tiGEu/tTTx3e.2","action":"Commit Response", "result":"Success", "context":Result: Success. cV=ymbTSpwBR/tiGEu/tTTx3e.0;server=akswtt10400000p;cloudType=Consumer;environment=Prod_southindia_prod-s01-004-apac-southindia;migrationStage=NotStarted}
